Archive member included to satisfy reference by file (symbol)

/usr/lib/gcc/arm-none-eabi/7.3.1/thumb/v6-m/libgcc.a(_dvmd_tls.o)
                              CMakeFiles/thermometer.dir/home/pi/pico/pico-sdk/src/rp2_common/pico_divider/divider.S.obj (__aeabi_idiv0)
/usr/lib/gcc/arm-none-eabi/7.3.1/../../../arm-none-eabi/lib/thumb/v6-m/libg.a(lib_a-atexit.o)
                              /usr/lib/gcc/arm-none-eabi/7.3.1/../../../arm-none-eabi/lib/thumb/v6-m/crt0.o (atexit)
/usr/lib/gcc/arm-none-eabi/7.3.1/../../../arm-none-eabi/lib/thumb/v6-m/libg.a(lib_a-calloc.o)
                              CMakeFiles/thermometer.dir/home/pi/pico/pico-sdk/src/rp2_common/pico_malloc/pico_malloc.c.obj (calloc)
/usr/lib/gcc/arm-none-eabi/7.3.1/../../../arm-none-eabi/lib/thumb/v6-m/libg.a(lib_a-callocr.o)
                              /usr/lib/gcc/arm-none-eabi/7.3.1/../../../arm-none-eabi/lib/thumb/v6-m/libg.a(lib_a-calloc.o) (_calloc_r)
/usr/lib/gcc/arm-none-eabi/7.3.1/../../../arm-none-eabi/lib/thumb/v6-m/libg.a(lib_a-ctype_.o)
                              CMakeFiles/thermometer.dir/home/pi/pico/pico-sdk/lib/tinyusb/src/tusb.c.obj (_ctype_)
/usr/lib/gcc/arm-none-eabi/7.3.1/../../../arm-none-eabi/lib/thumb/v6-m/libg.a(lib_a-fini.o)
                              /usr/lib/gcc/arm-none-eabi/7.3.1/../../../arm-none-eabi/lib/thumb/v6-m/crt0.o (__libc_fini_array)
/usr/lib/gcc/arm-none-eabi/7.3.1/../../../arm-none-eabi/lib/thumb/v6-m/libg.a(lib_a-impure.o)
                              /usr/lib/gcc/arm-none-eabi/7.3.1/../../../arm-none-eabi/lib/thumb/v6-m/libg.a(lib_a-calloc.o) (_impure_ptr)
/usr/lib/gcc/arm-none-eabi/7.3.1/../../../arm-none-eabi/lib/thumb/v6-m/libg.a(lib_a-init.o)
                              /usr/lib/gcc/arm-none-eabi/7.3.1/../../../arm-none-eabi/lib/thumb/v6-m/crt0.o (__libc_init_array)
/usr/lib/gcc/arm-none-eabi/7.3.1/../../../arm-none-eabi/lib/thumb/v6-m/libg.a(lib_a-malloc.o)
                              CMakeFiles/thermometer.dir/home/pi/pico/pico-sdk/src/rp2_common/pico_malloc/pico_malloc.c.obj (malloc)
/usr/lib/gcc/arm-none-eabi/7.3.1/../../../arm-none-eabi/lib/thumb/v6-m/libg.a(lib_a-mallocr.o)
                              /usr/lib/gcc/arm-none-eabi/7.3.1/../../../arm-none-eabi/lib/thumb/v6-m/libg.a(lib_a-callocr.o) (_malloc_r)
/usr/lib/gcc/arm-none-eabi/7.3.1/../../../arm-none-eabi/lib/thumb/v6-m/libg.a(lib_a-mlock.o)
                              /usr/lib/gcc/arm-none-eabi/7.3.1/../../../arm-none-eabi/lib/thumb/v6-m/libg.a(lib_a-mallocr.o) (__malloc_lock)
/usr/lib/gcc/arm-none-eabi/7.3.1/../../../arm-none-eabi/lib/thumb/v6-m/libg.a(lib_a-sbrkr.o)
                              /usr/lib/gcc/arm-none-eabi/7.3.1/../../../arm-none-eabi/lib/thumb/v6-m/libg.a(lib_a-mallocr.o) (_sbrk_r)
/usr/lib/gcc/arm-none-eabi/7.3.1/../../../arm-none-eabi/lib/thumb/v6-m/libg.a(lib_a-strlen-stub.o)
                              CMakeFiles/thermometer.dir/home/pi/pico/pico-sdk/src/rp2_common/pico_stdio/stdio.c.obj (strlen)
/usr/lib/gcc/arm-none-eabi/7.3.1/../../../arm-none-eabi/lib/thumb/v6-m/libg.a(lib_a-__atexit.o)
                              /usr/lib/gcc/arm-none-eabi/7.3.1/../../../arm-none-eabi/lib/thumb/v6-m/libg.a(lib_a-atexit.o) (__register_exitproc)
/usr/lib/gcc/arm-none-eabi/7.3.1/../../../arm-none-eabi/lib/thumb/v6-m/libg.a(lib_a-freer.o)
                              /usr/lib/gcc/arm-none-eabi/7.3.1/../../../arm-none-eabi/lib/thumb/v6-m/libg.a(lib_a-malloc.o) (_free_r)
/usr/lib/gcc/arm-none-eabi/7.3.1/../../../arm-none-eabi/lib/thumb/v6-m/libg.a(lib_a-reent.o)
                              /usr/lib/gcc/arm-none-eabi/7.3.1/../../../arm-none-eabi/lib/thumb/v6-m/libg.a(lib_a-sbrkr.o) (errno)

Allocating common symbols
Common symbol       size              file

sf_table            0x100             CMakeFiles/thermometer.dir/home/pi/pico/pico-sdk/src/rp2_common/pico_float/float_init_rom.c.obj
errno               0x4               /usr/lib/gcc/arm-none-eabi/7.3.1/../../../arm-none-eabi/lib/thumb/v6-m/libg.a(lib_a-reent.o)
_usbd_qdef_buf      0xc0              CMakeFiles/thermometer.dir/home/pi/pico/pico-sdk/lib/tinyusb/src/device/usbd.c.obj
sf_clz_func         0x4               CMakeFiles/thermometer.dir/home/pi/pico/pico-sdk/src/rp2_common/pico_float/float_init_rom.c.obj
sd_table            0x100             CMakeFiles/thermometer.dir/home/pi/pico/pico-sdk/src/rp2_common/pico_double/double_init_rom.c.obj
uart_char_to_line_feed
                    0x4               CMakeFiles/thermometer.dir/home/pi/pico/pico-sdk/src/rp2_common/hardware_uart/uart.c.obj

Discarded input sections

 .text          0x00000000        0x0 /usr/lib/gcc/arm-none-eabi/7.3.1/thumb/v6-m/crti.o
 .data          0x00000000        0x0 /usr/lib/gcc/arm-none-eabi/7.3.1/thumb/v6-m/crti.o
 .bss           0x00000000        0x0 /usr/lib/gcc/arm-none-eabi/7.3.1/thumb/v6-m/crti.o
 .data          0x00000000        0x4 /usr/lib/gcc/arm-none-eabi/7.3.1/thumb/v6-m/crtbegin.o
[...]
Memory Configuration

Name             Origin             Length             Attributes
FLASH            0x10000000         0x00200000         xr
RAM              0x20000000         0x00040000         xrw
SCRATCH_X        0x20040000         0x00001000         xrw
SCRATCH_Y        0x20041000         0x00001000         xrw
*default*        0x00000000         0xffffffff

Linker script and memory map

LOAD /usr/lib/gcc/arm-none-eabi/7.3.1/thumb/v6-m/crti.o
LOAD /usr/lib/gcc/arm-none-eabi/7.3.1/thumb/v6-m/crtbegin.o
LOAD /usr/lib/gcc/arm-none-eabi/7.3.1/../../../arm-none-eabi/lib/thumb/v6-m/crt0.o

.flash_begin    0x10000000        0x0
                0x10000000                __flash_binary_start = .

.boot2          0x10000000      0x100
                0x10000000                __boot2_start__ = .
 *(.boot2)
 .boot2         0x10000000      0x100 /tmp/ccAbXIjc.o
                0x10000100                __boot2_end__ = .
                0x00000001                ASSERT (((__boot2_end__ - __boot2_start__) == 0x100), ERROR: Pico second stage bootloader must be 256 bytes in size)

.text           0x10000100     0x7bf8
                0x10000100                __reset_start = .
 *(.reset)
 .reset         0x10000100       0xc4 CMakeFiles/thermometer.dir/home/pi/pico/pico-sdk/src/rp2_common/pico_standard_link/crt0.S.obj
                0x10000104                _entry_point
                0x10000196                __get_current_exception
 .reset         0x100001c4       0x30 CMakeFiles/thermometer.dir/home/pi/pico/pico-sdk/src/rp2_common/pico_standard_link/binary_info.c.obj
                0x10000200                . = ALIGN (0x100)
 *fill*         0x100001f4        0xc 
                0x10000200                __reset_end = .
                0x00000001                ASSERT (((__reset_end - __reset_start) == 0x100), ERROR: reset section should only be 256 bytes)
 *(.vectors)
 .vectors       0x10000200       0xd4 CMakeFiles/thermometer.dir/home/pi/pico/pico-sdk/src/rp2_common/pico_standard_link/crt0.S.obj
                0x10000200                __vectors
                0x100002c0                isr_invalid
                0x100002c2                isr_nmi
                0x100002c4                isr_hardfault
                0x100002c6                isr_svcall
                0x100002c8                isr_pendsv
                0x100002ca                isr_systick
                0x100002cc                isr_irq30
                0x100002cc                __unhandled_user_irq
                0x100002cc                isr_irq13
                0x100002cc                isr_irq27
                0x100002cc                isr_irq31
                0x100002cc                isr_irq5
                0x100002cc                isr_irq11
                0x100002cc                isr_irq23
                0x100002cc                isr_irq18
                0x100002cc                isr_irq28
                0x100002cc                isr_irq19
                0x100002cc                isr_irq0
                0x100002cc                isr_irq6
                0x100002cc                isr_irq22
                0x100002cc                isr_irq17
                0x100002cc                isr_irq14
                0x100002cc                isr_irq2
                0x100002cc                isr_irq10
                0x100002cc                isr_irq8
                0x100002cc                isr_irq24
                0x100002cc                isr_irq1
                0x100002cc                isr_irq7
                0x100002cc                isr_irq21
                0x100002cc                isr_irq20
                0x100002cc                isr_irq15
                0x100002cc                isr_irq25
                0x100002cc                isr_irq4
                0x100002cc                isr_irq16
                0x100002cc                isr_irq29
                0x100002cc                isr_irq26
                0x100002cc                isr_irq3
                0x100002cc                isr_irq12
                0x100002cc                isr_irq9
                0x100002d2                unhandled_user_irq_num_in_r0
 *(.init)
 .init          0x100002d4        0x4 /usr/lib/gcc/arm-none-eabi/7.3.1/thumb/v6-m/crti.o
                0x100002d4                _init
 *(EXCLUDE_FILE(*libm.a: *libc.a:*lib_a-mem*.o *libgcc.a:) .text*)
 .text          0x100002d8       0x98 /usr/lib/gcc/arm-none-eabi/7.3.1/thumb/v6-m/crtbegin.o
 .text.main     0x10000370      0xa34 CMakeFiles/thermometer.dir/thermometer.c.obj
                0x10000370                main
 .text.gpio_set_function
                0x10000da4       0x30 CMakeFiles/thermometer.dir/home/pi/pico/pico-sdk/src/rp2_common/hardware_gpio/gpio.c.obj
                0x10000da4                gpio_set_function
 .text.gpio_init
                0x10000dd4       0x16 CMakeFiles/thermometer.dir/home/pi/pico/pico-sdk/src/rp2_common/hardware_gpio/gpio.c.obj
                0x10000dd4                gpio_init
 *fill*         0x10000dea        0x2 
 .text.hw_claim_lock
                0x10000dec       0x18 CMakeFiles/thermometer.dir/home/pi/pico/pico-sdk/src/rp2_common/hardware_claim/claim.c.obj
                0x10000dec                hw_claim_lock
 .text.hw_claim_unlock
                0x10000e04       0x14 CMakeFiles/thermometer.dir/home/pi/pico/pico-sdk/src/rp2_common/hardware_claim/claim.c.obj
                0x10000e04                hw_claim_unlock
 .text.hw_claim_or_assert
                0x10000e18       0x34 CMakeFiles/thermometer.dir/home/pi/pico/pico-sdk/src/rp2_common/hardware_claim/claim.c.obj
                0x10000e18                hw_claim_or_assert
 .text.hw_claim_unused_from_range
                0x10000e4c       0x52 CMakeFiles/thermometer.dir/home/pi/pico/pico-sdk/src/rp2_common/hardware_claim/claim.c.obj
                0x10000e4c                hw_claim_unused_from_range
 *fill*         0x10000e9e        0x2 
 .text.spin_locks_reset
                0x10000ea0       0x20 CMakeFiles/thermometer.dir/home/pi/pico/pico-sdk/src/rp2_common/hardware_sync/sync.c.obj
                0x10000ea0                spin_locks_reset
 .text.next_striped_spin_lock_num
                0x10000ec0       0x1c CMakeFiles/thermometer.dir/home/pi/pico/pico-sdk/src/rp2_common/hardware_sync/sync.c.obj
                0x10000ec0                next_striped_spin_lock_num
 .text.spin_lock_claim_unused
                0x10000edc       0x20 CMakeFiles/thermometer.dir/home/pi/pico/pico-sdk/src/rp2_common/hardware_sync/sync.c.obj
                0x10000edc                spin_lock_claim_unused
 .text.running_on_fpga
                0x10000efc       0x14 CMakeFiles/thermometer.dir/home/pi/pico/pico-sdk/src/rp2_common/pico_platform/platform.c.obj
                0x10000efc                running_on_fpga
 .text.sev_callback
                0x10000f10        0x8 CMakeFiles/thermometer.dir/home/pi/pico/pico-sdk/src/common/pico_time/time.c.obj
 .text.timer_pool_entry_comparator
                0x10000f18       0x7c CMakeFiles/thermometer.dir/home/pi/pico/pico-sdk/src/common/pico_time/time.c.obj
                0x10000f18                timer_pool_entry_comparator
 .text.ph_add_child_node
                0x10000f94       0xa4 CMakeFiles/thermometer.dir/home/pi/pico/pico-sdk/src/common/pico_time/time.c.obj
 .text.ph_merge_nodes
                0x10001038       0x3a CMakeFiles/thermometer.dir/home/pi/pico/pico-sdk/src/common/pico_time/time.c.obj
 *fill*         0x10001072        0x2 
 .text.add_alarm_under_lock
                0x10001074      0x184 CMakeFiles/thermometer.dir/home/pi/pico/pico-sdk/src/common/pico_time/time.c.obj
 .text.alarm_pool_alarm_callback
                0x100011f8      0x304 CMakeFiles/thermometer.dir/home/pi/pico/pico-sdk/src/common/pico_time/time.c.obj
 .text.alarm_pool_get_default
                0x100014fc       0x28 CMakeFiles/thermometer.dir/home/pi/pico/pico-sdk/src/common/pico_time/time.c.obj
                0x100014fc                alarm_pool_get_default
 .text.alarm_pool_create
                0x10001524       0x6c CMakeFiles/thermometer.dir/home/pi/pico/pico-sdk/src/common/pico_time/time.c.obj
                0x10001524                alarm_pool_create
 .text.alarm_pool_init_default
                0x10001590       0x20 CMakeFiles/thermometer.dir/home/pi/pico/pico-sdk/src/common/pico_time/time.c.obj
                0x10001590                alarm_pool_init_default
 .text.alarm_pool_add_alarm_at
                0x100015b0      0x128 CMakeFiles/thermometer.dir/home/pi/pico/pico-sdk/src/common/pico_time/time.c.obj
                0x100015b0                alarm_pool_add_alarm_at
 .text.alarm_pool_cancel_alarm
                0x100016d8       0xe8 CMakeFiles/thermometer.dir/home/pi/pico/pico-sdk/src/common/pico_time/time.c.obj
                0x100016d8                alarm_pool_cancel_alarm
 .text.sleep_until
                0x100017c0       0x94 CMakeFiles/thermometer.dir/home/pi/pico/pico-sdk/src/common/pico_time/time.c.obj
                0x100017c0                sleep_until
 .text.sleep_us
                0x10001854       0x30 CMakeFiles/thermometer.dir/home/pi/pico/pico-sdk/src/common/pico_time/time.c.obj
                0x10001854                sleep_us
 .text.sleep_ms
                0x10001884       0x14 CMakeFiles/thermometer.dir/home/pi/pico/pico-sdk/src/common/pico_time/time.c.obj
                0x10001884                sleep_ms
 .text.best_effort_wfe_or_timeout
                0x10001898       0x80 CMakeFiles/thermometer.dir/home/pi/pico/pico-sdk/src/common/pico_time/time.c.obj
                0x10001898                best_effort_wfe_or_timeout
 .text.hardware_alarm_irq_handler
                0x10001918       0x8c CMakeFiles/thermometer.dir/home/pi/pico/pico-sdk/src/rp2_common/hardware_timer/timer.c.obj
 .text.hardware_alarm_claim
                0x100019a4       0x18 CMakeFiles/thermometer.dir/home/pi/pico/pico-sdk/src/rp2_common/hardware_timer/timer.c.obj
                0x100019a4                hardware_alarm_claim
 .text.time_us_64
                0x100019bc       0x18 CMakeFiles/thermometer.dir/home/pi/pico/pico-sdk/src/rp2_common/hardware_timer/timer.c.obj
                0x100019bc                time_us_64
 .text.busy_wait_until
                0x100019d4       0x28 CMakeFiles/thermometer.dir/home/pi/pico/pico-sdk/src/rp2_common/hardware_timer/timer.c.obj
                0x100019d4                busy_wait_until
 .text.hardware_alarm_set_callback
                0x100019fc       0x90 CMakeFiles/thermometer.dir/home/pi/pico/pico-sdk/src/rp2_common/hardware_timer/timer.c.obj
                0x100019fc                hardware_alarm_set_callback
 .text.hardware_alarm_set_target
                0x10001a8c       0xd0 CMakeFiles/thermometer.dir/home/pi/pico/pico-sdk/src/rp2_common/hardware_timer/timer.c.obj
                0x10001a8c                hardware_alarm_set_target
 .text.hardware_alarm_cancel
                0x10001b5c       0x40 CMakeFiles/thermometer.dir/home/pi/pico/pico-sdk/src/rp2_common/hardware_timer/timer.c.obj
                0x10001b5c                hardware_alarm_cancel
 .text.lock_init
                0x10001b9c       0x30 CMakeFiles/thermometer.dir/home/pi/pico/pico-sdk/src/common/pico_sync/lock_core.c.obj
                0x10001b9c                lock_init
 .text.mutex_init
                0x10001bcc       0x16 CMakeFiles/thermometer.dir/home/pi/pico/pico-sdk/src/common/pico_sync/mutex.c.obj
                0x10001bcc                mutex_init
 .text.critical_section_init_with_lock_num
                0x10001be2        0xc CMakeFiles/thermometer.dir/home/pi/pico/pico-sdk/src/common/pico_sync/critical_section.c.obj
                0x10001be2                critical_section_init_with_lock_num
 .text.critical_section_init
                0x10001bee       0x14 CMakeFiles/thermometer.dir/home/pi/pico/pico-sdk/src/common/pico_sync/critical_section.c.obj
                0x10001bee                critical_section_init
 *fill*         0x10001c02        0x2 
 .text.ph_add_child_node
                0x10001c04       0xa4 CMakeFiles/thermometer.dir/home/pi/pico/pico-sdk/src/common/pico_util/pheap.c.obj
 .text.ph_merge_nodes
                0x10001ca8       0x3a CMakeFiles/thermometer.dir/home/pi/pico/pico-sdk/src/common/pico_util/pheap.c.obj
 *fill*         0x10001ce2        0x2 
 .text.ph_clear
                0x10001ce4       0x74 CMakeFiles/thermometer.dir/home/pi/pico/pico-sdk/src/common/pico_util/pheap.c.obj
                0x10001ce4                ph_clear
 .text.ph_create
                0x10001d58       0x2c CMakeFiles/thermometer.dir/home/pi/pico/pico-sdk/src/common/pico_util/pheap.c.obj
                0x10001d58                ph_create
 .text.ph_merge_two_pass
                0x10001d84       0xac CMakeFiles/thermometer.dir/home/pi/pico/pico-sdk/src/common/pico_util/pheap.c.obj
                0x10001d84                ph_merge_two_pass
 .text.ph_remove_any_head
                0x10001e30      0x108 CMakeFiles/thermometer.dir/home/pi/pico/pico-sdk/src/common/pico_util/pheap.c.obj
 .text.ph_remove_head_reserve
                0x10001f38       0x14 CMakeFiles/thermometer.dir/home/pi/pico/pico-sdk/src/common/pico_util/pheap.c.obj
                0x10001f38                ph_remove_head_reserve
 .text.ph_delete
                0x10001f4c       0xf8 CMakeFiles/thermometer.dir/home/pi/pico/pico-sdk/src/common/pico_util/pheap.c.obj
                0x10001f4c                ph_delete
 .text.runtime_init
                0x10002044       0xcc CMakeFiles/thermometer.dir/home/pi/pico/pico-sdk/src/rp2_common/pico_runtime/runtime.c.obj
                0x10002044                runtime_init
 .text._exit    0x10002110        0x4 CMakeFiles/thermometer.dir/home/pi/pico/pico-sdk/src/rp2_common/pico_runtime/runtime.c.obj
                0x10002110                _exit
 .text._sbrk    0x10002114       0x38 CMakeFiles/thermometer.dir/home/pi/pico/pico-sdk/src/rp2_common/pico_runtime/runtime.c.obj
                0x10002114                _sbrk
 .text.exit     0x1000214c        0x6 CMakeFiles/thermometer.dir/home/pi/pico/pico-sdk/src/rp2_common/pico_runtime/runtime.c.obj
                0x1000214c                exit
 *fill*         0x10002152        0x2 
 .text.__assert_func
                0x10002154       0x3c CMakeFiles/thermometer.dir/home/pi/pico/pico-sdk/src/rp2_common/pico_runtime/runtime.c.obj
                0x10002154                __assert_func
 .text.panic    0x10002190       0x30 CMakeFiles/thermometer.dir/home/pi/pico/pico-sdk/src/rp2_common/pico_runtime/runtime.c.obj
                0x10002190                panic
 .text.clock_configure
                0x100021c0       0xec CMakeFiles/thermometer.dir/home/pi/pico/pico-sdk/src/rp2_common/hardware_clocks/clocks.c.obj
                0x100021c0                clock_configure
 .text.clocks_init
                0x100022ac      0x124 CMakeFiles/thermometer.dir/home/pi/pico/pico-sdk/src/rp2_common/hardware_clocks/clocks.c.obj
                0x100022ac                clocks_init
 .text.watchdog_start_tick
                0x100023d0       0x10 CMakeFiles/thermometer.dir/home/pi/pico/pico-sdk/src/rp2_common/hardware_watchdog/watchdog.c.obj
                0x100023d0                watchdog_start_tick
 .text.xosc_init
                0x100023e0       0x28 CMakeFiles/thermometer.dir/home/pi/pico/pico-sdk/src/rp2_common/hardware_xosc/xosc.c.obj
                0x100023e0                xosc_init
 .text.pll_init
                0x10002408       0xd4 CMakeFiles/thermometer.dir/home/pi/pico/pico-sdk/src/rp2_common/hardware_pll/pll.c.obj
                0x10002408                pll_init
 .text.set_raw_irq_handler_and_unlock
                0x100024dc       0x28 CMakeFiles/thermometer.dir/home/pi/pico/pico-sdk/src/rp2_common/hardware_irq/irq.c.obj
 .text.make_branch
                0x10002504       0x34 CMakeFiles/thermometer.dir/home/pi/pico/pico-sdk/src/rp2_common/hardware_irq/irq.c.obj
 .text.insert_branch_and_link
                0x10002538       0x40 CMakeFiles/thermometer.dir/home/pi/pico/pico-sdk/src/rp2_common/hardware_irq/irq.c.obj
 .text.irq_is_enabled
                0x10002578       0x18 CMakeFiles/thermometer.dir/home/pi/pico/pico-sdk/src/rp2_common/hardware_irq/irq.c.obj
                0x10002578                irq_is_enabled
 .text.irq_set_mask_enabled
                0x10002590       0x20 CMakeFiles/thermometer.dir/home/pi/pico/pico-sdk/src/rp2_common/hardware_irq/irq.c.obj
                0x10002590                irq_set_mask_enabled
 .text.irq_set_enabled
                0x100025b0        0xe CMakeFiles/thermometer.dir/home/pi/pico/pico-sdk/src/rp2_common/hardware_irq/irq.c.obj
                0x100025b0                irq_set_enabled
 *fill*         0x100025be        0x2 
 .text.irq_set_pending
                0x100025c0       0x10 CMakeFiles/thermometer.dir/home/pi/pico/pico-sdk/src/rp2_common/hardware_irq/irq.c.obj
                0x100025c0                irq_set_pending
 .text.irq_get_vtable_handler
                0x100025d0       0x10 CMakeFiles/thermometer.dir/home/pi/pico/pico-sdk/src/rp2_common/hardware_irq/irq.c.obj
                0x100025d0                irq_get_vtable_handler
 .text.irq_set_exclusive_handler
                0x100025e0       0x54 CMakeFiles/thermometer.dir/home/pi/pico/pico-sdk/src/rp2_common/hardware_irq/irq.c.obj
                0x100025e0                irq_set_exclusive_handler
 .text.irq_remove_handler
                0x10002634      0x1b8 CMakeFiles/thermometer.dir/home/pi/pico/pico-sdk/src/rp2_common/hardware_irq/irq.c.obj
                0x10002634                irq_remove_handler
 .text.irq_set_priority
                0x100027ec       0x28 CMakeFiles/thermometer.dir/home/pi/pico/pico-sdk/src/rp2_common/hardware_irq/irq.c.obj
                0x100027ec                irq_set_priority
 .text.irq_add_tail_to_free_list
                0x10002814       0xf8 CMakeFiles/thermometer.dir/home/pi/pico/pico-sdk/src/rp2_common/hardware_irq/irq.c.obj
                0x10002814                irq_add_tail_to_free_list
 .text.irq_init_priorities
                0x1000290c       0x16 CMakeFiles/thermometer.dir/home/pi/pico/pico-sdk/src/rp2_common/hardware_irq/irq.c.obj
                0x1000290c                irq_init_priorities
 .text._out_null
                0x10002922        0x2 CMakeFiles/thermometer.dir/home/pi/pico/pico-sdk/src/rp2_common/pico_printf/printf.c.obj
 .text._out_fct
                0x10002924        0xe CMakeFiles/thermometer.dir/home/pi/pico/pico-sdk/src/rp2_common/pico_printf/printf.c.obj
 .text._atoi    0x10002932       0x24 CMakeFiles/thermometer.dir/home/pi/pico/pico-sdk/src/rp2_common/pico_printf/printf.c.obj
 .text._out_rev
                0x10002956       0x8c CMakeFiles/thermometer.dir/home/pi/pico/pico-sdk/src/rp2_common/pico_printf/printf.c.obj
 .text._ntoa_format
                0x100029e2      0x112 CMakeFiles/thermometer.dir/home/pi/pico/pico-sdk/src/rp2_common/pico_printf/printf.c.obj
 .text._ntoa_long
                0x10002af4       0x9e CMakeFiles/thermometer.dir/home/pi/pico/pico-sdk/src/rp2_common/pico_printf/printf.c.obj
 .text._ntoa_long_long
                0x10002b92       0xe2 CMakeFiles/thermometer.dir/home/pi/pico/pico-sdk/src/rp2_common/pico_printf/printf.c.obj
 .text._etoa    0x10002c74      0x3e8 CMakeFiles/thermometer.dir/home/pi/pico/pico-sdk/src/rp2_common/pico_printf/printf.c.obj
 .text._ftoa    0x1000305c      0x340 CMakeFiles/thermometer.dir/home/pi/pico/pico-sdk/src/rp2_common/pico_printf/printf.c.obj
 .text._vsnprintf
                0x1000339c      0x640 CMakeFiles/thermometer.dir/home/pi/pico/pico-sdk/src/rp2_common/pico_printf/printf.c.obj
 .text.vfctprintf
                0x100039dc       0x20 CMakeFiles/thermometer.dir/home/pi/pico/pico-sdk/src/rp2_common/pico_printf/printf.c.obj
                0x100039dc                vfctprintf
 .text          0x100039fc       0x10 CMakeFiles/thermometer.dir/home/pi/pico/pico-sdk/src/rp2_common/pico_bit_ops/bit_ops_aeabi.S.obj
 .text.rom_func_lookup
                0x10003a0c       0x10 CMakeFiles/thermometer.dir/home/pi/pico/pico-sdk/src/rp2_common/pico_bootrom/bootrom.c.obj
                0x10003a0c                rom_func_lookup
 .text.rom_data_lookup
                0x10003a1c       0x10 CMakeFiles/thermometer.dir/home/pi/pico/pico-sdk/src/rp2_common/pico_bootrom/bootrom.c.obj
                0x10003a1c                rom_data_lookup
 .text.rom_funcs_lookup
                0x10003a2c       0x36 CMakeFiles/thermometer.dir/home/pi/pico/pico-sdk/src/rp2_common/pico_bootrom/bootrom.c.obj
                0x10003a2c                rom_funcs_lookup
 *fill*         0x10003a62        0x2 
 .text.__wrap___aeabi_idiv
                0x10003a64       0x58 CMakeFiles/thermometer.dir/home/pi/pico/pico-sdk/src/rp2_common/pico_divider/divider.S.obj
                0x10003a64                __wrap___aeabi_idivmod
                0x10003a64                divmod_s32s32
                0x10003a64                div_s32s32
                0x10003a64                __wrap___aeabi_idiv
                0x10003a6c                divmod_s32s32_unsafe
                0x10003a98                divmod_s32s32_savestate
 .text.__wrap___aeabi_uidiv
                0x10003abc       0x54 CMakeFiles/thermometer.dir/home/pi/pico/pico-sdk/src/rp2_common/pico_divider/divider.S.obj
                0x10003abc                __wrap___aeabi_uidiv
                0x10003abc                __wrap___aeabi_uidivmod
                0x10003abc                div_u32u32
                0x10003abc                divmod_u32u32
                0x10003ac4                divmod_u32u32_unsafe
                0x10003aec                divmod_u32u32_savestate
 .text.__wrap___aeabi_ldiv
                0x10003b10      0x430 CMakeFiles/thermometer.dir/home/pi/pico/pico-sdk/src/rp2_common/pico_divider/divider.S.obj
                0x10003b10                div_s64s64
                0x10003b10                divmod_s64s64
                0x10003b10                __wrap___aeabi_ldivmod
                0x10003b48                div_u64u64
                0x10003b48                divmod_u64u64
                0x10003b48                __wrap___aeabi_uldivmod
                0x10003b58                divmod_u64u64_savestate
                0x10003b80                divmod_s64s64_unsafe
                0x10003c08                divmod_u64u64_unsafe
 .text.__wrap___aeabi_darithmetic
                0x10003f40       0x54 CMakeFiles/thermometer.dir/home/pi/pico/pico-sdk/src/rp2_common/pico_double/double_aeabi.S.obj
                0x10003f40                __wrap___aeabi_drsub
                0x10003f46                __wrap___aeabi_dsub
                0x10003f58                __wrap___aeabi_dadd
                0x10003f6a                __wrap___aeabi_ddiv
                0x10003f7c                __wrap___aeabi_dmul
 .text.__wrap___aeabi_cdcmple
                0x10003f94       0x6c CMakeFiles/thermometer.dir/home/pi/pico/pico-sdk/src/rp2_common/pico_double/double_aeabi.S.obj
                0x10003f94                __wrap___aeabi_cdrcmple
                0x10003fa4                __wrap___aeabi_cdcmple
                0x10003fa4                __wrap___aeabi_cdcmpeq
 .text.__wrap___aeabi_dcmplt
                0x10004000        0xc CMakeFiles/thermometer.dir/home/pi/pico/pico-sdk/src/rp2_common/pico_double/double_aeabi.S.obj
                0x10004000                __wrap___aeabi_dcmplt
 .text.__wrap___aeabi_dcmple
                0x1000400c       0x10 CMakeFiles/thermometer.dir/home/pi/pico/pico-sdk/src/rp2_common/pico_double/double_aeabi.S.obj
                0x1000400c                __wrap___aeabi_dcmple
 .text.__wrap___aeabi_dcmpge
                0x1000401c       0x10 CMakeFiles/thermometer.dir/home/pi/pico/pico-sdk/src/rp2_common/pico_double/double_aeabi.S.obj
                0x1000401c                __wrap___aeabi_dcmpge
 .text.__wrap___aeabi_dcmpgt
                0x1000402c        0xa CMakeFiles/thermometer.dir/home/pi/pico/pico-sdk/src/rp2_common/pico_double/double_aeabi.S.obj
                0x1000402c                __wrap___aeabi_dcmpgt
 .text.__wrap___aeabi_dcmpun
                0x10004036       0x1c CMakeFiles/thermometer.dir/home/pi/pico/pico-sdk/src/rp2_common/pico_double/double_aeabi.S.obj
                0x10004036                __wrap___aeabi_dcmpun
 *fill*         0x10004052        0x2 
 .text.__wrap___aeabi_i2d
                0x10004054       0x38 CMakeFiles/thermometer.dir/home/pi/pico/pico-sdk/src/rp2_common/pico_double/double_aeabi.S.obj
                0x10004054                __wrap___aeabi_ui2d
                0x1000405c                __wrap___aeabi_i2d
 .text.__wrap___aeabi_d2iz
                0x1000408c       0x48 CMakeFiles/thermometer.dir/home/pi/pico/pico-sdk/src/rp2_common/pico_double/double_aeabi.S.obj
                0x1000408c                __wrap___aeabi_d2iz
                0x1000408c                double2int_z
 .text.__wrap___aeabi_d2uiz
                0x100040d4       0x18 CMakeFiles/thermometer.dir/home/pi/pico/pico-sdk/src/rp2_common/pico_double/double_aeabi.S.obj
                0x100040d4                double2uint
                0x100040d4                __wrap___aeabi_d2uiz
 .text.__wrap___aeabi_d2f
                0x100040ec       0x18 CMakeFiles/thermometer.dir/home/pi/pico/pico-sdk/src/rp2_common/pico_double/double_aeabi.S.obj
                0x100040ec                __wrap___aeabi_d2f
 .text.__aeabi_double_init
                0x10004104       0xb8 CMakeFiles/thermometer.dir/home/pi/pico/pico-sdk/src/rp2_common/pico_double/double_init_rom.c.obj
                0x10004104                __aeabi_double_init
 .text.double_table_shim_on_use_helper
                0x100041bc       0x34 CMakeFiles/thermometer.dir/home/pi/pico/pico-sdk/src/rp2_common/pico_double/double_v1_rom_shim.S.obj
                0x100041bc                double_table_shim_on_use_helper
 .text.__wrap___aeabi_dsub
                0x100041f0       0x10 CMakeFiles/thermometer.dir/home/pi/pico/pico-sdk/src/rp2_common/pico_double/double_v1_rom_shim.S.obj
                0x100041f0                drsub_shim
                0x100041f6                dsub_shim
 .text.dadd_shim
                0x10004200      0x15c CMakeFiles/thermometer.dir/home/pi/pico/pico-sdk/src/rp2_common/pico_double/double_v1_rom_shim.S.obj
                0x10004200                dadd_shim
 .text.dmul_shim
                0x1000435c      0x15c CMakeFiles/thermometer.dir/home/pi/pico/pico-sdk/src/rp2_common/pico_double/double_v1_rom_shim.S.obj
                0x1000435c                dmul_shim
 .text.ddiv_shim
                0x100044b8      0x1b0 CMakeFiles/thermometer.dir/home/pi/pico/pico-sdk/src/rp2_common/pico_double/double_v1_rom_shim.S.obj
                0x100044b8                ddiv_shim
 .text.dcordic_rot_step
                0x10004668       0x7c CMakeFiles/thermometer.dir/home/pi/pico/pico-sdk/src/rp2_common/pico_double/double_v1_rom_shim.S.obj
                0x10004668                dcordic_rot_step
 .text.double2uint_shim
                0x100046e4        0xe CMakeFiles/thermometer.dir/home/pi/pico/pico-sdk/src/rp2_common/pico_double/double_v1_rom_shim.S.obj
                0x100046e4                double2uint_shim
                0x100046e6                double2ufix_shim
 *fill*         0x100046f2        0x2 
 .text.double2uint64_shim
                0x100046f4       0x6c CMakeFiles/thermometer.dir/home/pi/pico/pico-sdk/src/rp2_common/pico_double/double_v1_rom_shim.S.obj
                0x100046f4                double2uint64_shim
                0x100046f6                double2ufix64_shim
                0x10004710                d2fix_a
 .text.double2float_shim
                0x10004760       0x5c CMakeFiles/thermometer.dir/home/pi/pico/pico-sdk/src/rp2_common/pico_double/double_v1_rom_shim.S.obj
                0x10004760                double2float_shim
 .text.dunpacks
                0x100047bc       0x3c CMakeFiles/thermometer.dir/home/pi/pico/pico-sdk/src/rp2_common/pico_double/double_v1_rom_shim.S.obj
                0x100047bc                dunpacks
 .text.__aeabi_lmul
                0x100047f8       0x32 CMakeFiles/thermometer.dir/home/pi/pico/pico-sdk/src/rp2_common/pico_int64_ops/pico_int64_ops_aeabi.S.obj
                0x100047f8                __wrap___aeabi_lmul
 *fill*         0x1000482a        0x2 
 .text.__wrap___aeabi_farithmetic
                0x1000482c       0x34 CMakeFiles/thermometer.dir/home/pi/pico/pico-sdk/src/rp2_common/pico_float/float_aeabi.S.obj
                0x1000482c                __wrap___aeabi_frsub
                0x10004832                __wrap___aeabi_fsub
                0x1000483c                __wrap___aeabi_fadd
                0x10004846                __wrap___aeabi_fdiv
                0x10004850                __wrap___aeabi_fmul
 .text.__wrap___aeabi_i2f
                0x10004860       0x44 CMakeFiles/thermometer.dir/home/pi/pico/pico-sdk/src/rp2_common/pico_float/float_aeabi.S.obj
                0x10004860                __wrap___aeabi_i2f
 .text.__wrap___aeabi_f2iz
                0x100048a4       0x4e CMakeFiles/thermometer.dir/home/pi/pico/pico-sdk/src/rp2_common/pico_float/float_aeabi.S.obj
                0x100048a4                __wrap___aeabi_f2iz
                0x100048a4                float2int_z
 *fill*         0x100048f2        0x2 
 .text.float2int
                0x100048f4       0x14 CMakeFiles/thermometer.dir/home/pi/pico/pico-sdk/src/rp2_common/pico_float/float_aeabi.S.obj
                0x100048f4                float2int
 .text.__wrap___aeabi_f2uiz
                0x10004908       0x10 CMakeFiles/thermometer.dir/home/pi/pico/pico-sdk/src/rp2_common/pico_float/float_aeabi.S.obj
                0x10004908                __wrap___aeabi_f2uiz
 .text.__wrap___aeabi_f2d
                0x10004918       0x14 CMakeFiles/thermometer.dir/home/pi/pico/pico-sdk/src/rp2_common/pico_float/float_aeabi.S.obj
                0x10004918                __wrap___aeabi_f2d
 .text.__aeabi_float_init
                0x1000492c       0xfc CMakeFiles/thermometer.dir/home/pi/pico/pico-sdk/src/rp2_common/pico_float/float_init_rom.c.obj
                0x1000492c                __aeabi_float_init
 .text.float_table_shim_on_use_helper
                0x10004a28       0x34 CMakeFiles/thermometer.dir/home/pi/pico/pico-sdk/src/rp2_common/pico_float/float_v1_rom_shim.S.obj
                0x10004a28                float_table_shim_on_use_helper
 .text.float232_shims
                0x10004a5c       0x18 CMakeFiles/thermometer.dir/home/pi/pico/pico-sdk/src/rp2_common/pico_float/float_v1_rom_shim.S.obj
                0x10004a5c                float2int_shim
                0x10004a5e                float2fix_shim
 .text.float2double_shim
                0x10004a74       0x30 CMakeFiles/thermometer.dir/home/pi/pico/pico-sdk/src/rp2_common/pico_float/float_v1_rom_shim.S.obj
                0x10004a74                float2double_shim
 .text.__wrap_malloc
                0x10004aa4        0x8 CMakeFiles/thermometer.dir/home/pi/pico/pico-sdk/src/rp2_common/pico_malloc/pico_malloc.c.obj
                0x10004aa4                __wrap_malloc
 .text.__wrap_calloc
                0x10004aac        0x8 CMakeFiles/thermometer.dir/home/pi/pico/pico-sdk/src/rp2_common/pico_malloc/pico_malloc.c.obj
                0x10004aac                __wrap_calloc
 .text          0x10004ab4       0x10 CMakeFiles/thermometer.dir/home/pi/pico/pico-sdk/src/rp2_common/pico_mem_ops/mem_ops_aeabi.S.obj
                0x10004ab4                __aeabi_mem_init
 .text.memset   0x10004ac4        0xc CMakeFiles/thermometer.dir/home/pi/pico/pico-sdk/src/rp2_common/pico_mem_ops/mem_ops_aeabi.S.obj
                0x10004ac4                __wrap_memset
 .text.memcpy   0x10004ad0        0xc CMakeFiles/thermometer.dir/home/pi/pico/pico-sdk/src/rp2_common/pico_mem_ops/mem_ops_aeabi.S.obj
                0x10004ad0                __wrap___aeabi_memcpy
                0x10004ad0                __wrap_memcpy
 .text.stdio_out_chars_crlf
                0x10004adc       0x80 CMakeFiles/thermometer.dir/home/pi/pico/pico-sdk/src/rp2_common/pico_stdio/stdio.c.obj
 .text.stdio_stack_buffer_flush
                0x10004b5c       0x44 CMakeFiles/thermometer.dir/home/pi/pico/pico-sdk/src/rp2_common/pico_stdio/stdio.c.obj
 .text.stdio_buffered_printer
                0x10004ba0       0x20 CMakeFiles/thermometer.dir/home/pi/pico/pico-sdk/src/rp2_common/pico_stdio/stdio.c.obj
 .text.stdout_serialize_begin
                0x10004bc0       0x2c CMakeFiles/thermometer.dir/home/pi/pico/pico-sdk/src/rp2_common/pico_stdio/stdio.c.obj
                0x10004bc0                stdout_serialize_begin
 .text.stdout_serialize_end
                0x10004bec       0x10 CMakeFiles/thermometer.dir/home/pi/pico/pico-sdk/src/rp2_common/pico_stdio/stdio.c.obj
                0x10004bec                stdout_serialize_end
 .text.stdio_put_string
                0x10004bfc       0x78 CMakeFiles/thermometer.dir/home/pi/pico/pico-sdk/src/rp2_common/pico_stdio/stdio.c.obj
 .text.stdio_set_driver_enabled
                0x10004c74       0x38 CMakeFiles/thermometer.dir/home/pi/pico/pico-sdk/src/rp2_common/pico_stdio/stdio.c.obj
                0x10004c74                stdio_set_driver_enabled
 .text.stdio_flush
                0x10004cac       0x20 CMakeFiles/thermometer.dir/home/pi/pico/pico-sdk/src/rp2_common/pico_stdio/stdio.c.obj
                0x10004cac                stdio_flush
 .text.__wrap_puts
                0x10004ccc       0x1c CMakeFiles/thermometer.dir/home/pi/pico/pico-sdk/src/rp2_common/pico_stdio/stdio.c.obj
                0x10004ccc                __wrap_puts
 .text.__wrap_vprintf
                0x10004ce8       0x44 CMakeFiles/thermometer.dir/home/pi/pico/pico-sdk/src/rp2_common/pico_stdio/stdio.c.obj
                0x10004ce8                __wrap_vprintf
 .text.__wrap_printf
                0x10004d2c       0x18 CMakeFiles/thermometer.dir/home/pi/pico/pico-sdk/src/rp2_common/pico_stdio/stdio.c.obj
                0x10004d2c                __wrap_printf
 .text.stdio_init_all
                0x10004d44        0x8 CMakeFiles/thermometer.dir/home/pi/pico/pico-sdk/src/rp2_common/pico_stdio/stdio.c.obj
                0x10004d44                stdio_init_all
 .text.stdio_usb_in_chars
                0x10004d4c       0x70 CMakeFiles/thermometer.dir/home/pi/pico/pico-sdk/src/rp2_common/pico_stdio_usb/stdio_usb.c.obj
                0x10004d4c                stdio_usb_in_chars
 .text.low_priority_worker_irq
                0x10004dbc       0x20 CMakeFiles/thermometer.dir/home/pi/pico/pico-sdk/src/rp2_common/pico_stdio_usb/stdio_usb.c.obj
 .text.stdio_usb_out_chars
                0x10004ddc       0xd4 CMakeFiles/thermometer.dir/home/pi/pico/pico-sdk/src/rp2_common/pico_stdio_usb/stdio_usb.c.obj
 .text.timer_task
                0x10004eb0       0x10 CMakeFiles/thermometer.dir/home/pi/pico/pico-sdk/src/rp2_common/pico_stdio_usb/stdio_usb.c.obj
 .text.stdio_usb_init
                0x10004ec0       0x8c CMakeFiles/thermometer.dir/home/pi/pico/pico-sdk/src/rp2_common/pico_stdio_usb/stdio_usb.c.obj
                0x10004ec0                stdio_usb_init
 .text.tud_descriptor_device_cb
                0x10004f4c        0x8 CMakeFiles/thermometer.dir/home/pi/pico/pico-sdk/src/rp2_common/pico_stdio_usb/stdio_usb_descriptors.c.obj
                0x10004f4c                tud_descriptor_device_cb
 .text.tud_descriptor_configuration_cb
                0x10004f54        0x8 CMakeFiles/thermometer.dir/home/pi/pico/pico-sdk/src/rp2_common/pico_stdio_usb/stdio_usb_descriptors.c.obj
                0x10004f54                tud_descriptor_configuration_cb
 .text.tud_descriptor_string_cb
                0x10004f5c       0x50 CMakeFiles/thermometer.dir/home/pi/pico/pico-sdk/src/rp2_common/pico_stdio_usb/stdio_usb_descriptors.c.obj
                0x10004f5c                tud_descriptor_string_cb
 .text.hw_endpoint_get_by_addr
                0x10004fac       0x1c CMakeFiles/thermometer.dir/home/pi/pico/pico-sdk/lib/tinyusb/src/portable/raspberrypi/rp2040/dcd_rp2040.c.obj
 .text.reset_ep0
                0x10004fc8       0x2c CMakeFiles/thermometer.dir/home/pi/pico/pico-sdk/lib/tinyusb/src/portable/raspberrypi/rp2040/dcd_rp2040.c.obj
 .text._hw_endpoint_alloc
                0x10004ff4       0x7c CMakeFiles/thermometer.dir/home/pi/pico/pico-sdk/lib/tinyusb/src/portable/raspberrypi/rp2040/dcd_rp2040.c.obj
 .text._hw_endpoint_init
                0x10005070       0xbc CMakeFiles/thermometer.dir/home/pi/pico/pico-sdk/lib/tinyusb/src/portable/raspberrypi/rp2040/dcd_rp2040.c.obj
 .text.hw_endpoint_init
                0x1000512c       0x18 CMakeFiles/thermometer.dir/home/pi/pico/pico-sdk/lib/tinyusb/src/portable/raspberrypi/rp2040/dcd_rp2040.c.obj
 .text.hw_handle_buff_status
                0x10005144       0xbc CMakeFiles/thermometer.dir/home/pi/pico/pico-sdk/lib/tinyusb/src/portable/raspberrypi/rp2040/dcd_rp2040.c.obj
 .text.dcd_rp2040_irq
                0x10005200       0x84 CMakeFiles/thermometer.dir/home/pi/pico/pico-sdk/lib/tinyusb/src/portable/raspberrypi/rp2040/dcd_rp2040.c.obj
 .text.hw_endpoint_xfer
                0x10005284       0x18 CMakeFiles/thermometer.dir/home/pi/pico/pico-sdk/lib/tinyusb/src/portable/raspberrypi/rp2040/dcd_rp2040.c.obj
 .text.ep0_0len_status
                0x1000529c       0x14 CMakeFiles/thermometer.dir/home/pi/pico/pico-sdk/lib/tinyusb/src/portable/raspberrypi/rp2040/dcd_rp2040.c.obj
 .text._hw_endpoint_stall
                0x100052b0       0x54 CMakeFiles/thermometer.dir/home/pi/pico/pico-sdk/lib/tinyusb/src/portable/raspberrypi/rp2040/dcd_rp2040.c.obj
 .text.hw_endpoint_stall
                0x10005304        0xc CMakeFiles/thermometer.dir/home/pi/pico/pico-sdk/lib/tinyusb/src/portable/raspberrypi/rp2040/dcd_rp2040.c.obj
 .text._hw_endpoint_clear_stall
                0x10005310       0x34 CMakeFiles/thermometer.dir/home/pi/pico/pico-sdk/lib/tinyusb/src/portable/raspberrypi/rp2040/dcd_rp2040.c.obj
 .text.hw_endpoint_clear_stall
                0x10005344        0xc CMakeFiles/thermometer.dir/home/pi/pico/pico-sdk/lib/tinyusb/src/portable/raspberrypi/rp2040/dcd_rp2040.c.obj
 .text.dcd_int_enable
                0x10005350       0x2c CMakeFiles/thermometer.dir/home/pi/pico/pico-sdk/lib/tinyusb/src/portable/raspberrypi/rp2040/dcd_rp2040.c.obj
                0x10005350                dcd_int_enable
 .text.dcd_set_address
                0x1000537c       0x30 CMakeFiles/thermometer.dir/home/pi/pico/pico-sdk/lib/tinyusb/src/portable/raspberrypi/rp2040/dcd_rp2040.c.obj
                0x1000537c                dcd_set_address
 .text.dcd_connect
                0x100053ac       0x30 CMakeFiles/thermometer.dir/home/pi/pico/pico-sdk/lib/tinyusb/src/portable/raspberrypi/rp2040/dcd_rp2040.c.obj
                0x100053ac                dcd_connect
 .text.dcd_init
                0x100053dc       0x90 CMakeFiles/thermometer.dir/home/pi/pico/pico-sdk/lib/tinyusb/src/portable/raspberrypi/rp2040/dcd_rp2040.c.obj
                0x100053dc                dcd_init
 .text.dcd_edpt0_status_complete
                0x1000546c       0x44 CMakeFiles/thermometer.dir/home/pi/pico/pico-sdk/lib/tinyusb/src/portable/raspberrypi/rp2040/dcd_rp2040.c.obj
                0x1000546c                dcd_edpt0_status_complete
 .text.dcd_edpt_open
                0x100054b0       0x40 CMakeFiles/thermometer.dir/home/pi/pico/pico-sdk/lib/tinyusb/src/portable/raspberrypi/rp2040/dcd_rp2040.c.obj
                0x100054b0                dcd_edpt_open
 .text.dcd_edpt_xfer
                0x100054f0       0x34 CMakeFiles/thermometer.dir/home/pi/pico/pico-sdk/lib/tinyusb/src/portable/raspberrypi/rp2040/dcd_rp2040.c.obj
                0x100054f0                dcd_edpt_xfer
 .text.dcd_edpt_stall
                0x10005524       0x28 CMakeFiles/thermometer.dir/home/pi/pico/pico-sdk/lib/tinyusb/src/portable/raspberrypi/rp2040/dcd_rp2040.c.obj
                0x10005524                dcd_edpt_stall
 .text.dcd_edpt_clear_stall
                0x1000554c       0x28 CMakeFiles/thermometer.dir/home/pi/pico/pico-sdk/lib/tinyusb/src/portable/raspberrypi/rp2040/dcd_rp2040.c.obj
                0x1000554c                dcd_edpt_clear_stall
 .text.rp2040_usb_init
                0x10005574       0x50 CMakeFiles/thermometer.dir/home/pi/pico/pico-sdk/lib/tinyusb/src/portable/raspberrypi/rp2040/rp2040_usb.c.obj
                0x10005574                rp2040_usb_init
 .text.hw_endpoint_reset_transfer
                0x100055c4       0x14 CMakeFiles/thermometer.dir/home/pi/pico/pico-sdk/lib/tinyusb/src/portable/raspberrypi/rp2040/rp2040_usb.c.obj
                0x100055c4                hw_endpoint_reset_transfer
 .text._hw_endpoint_buffer_control_update32
                0x100055d8       0x54 CMakeFiles/thermometer.dir/home/pi/pico/pico-sdk/lib/tinyusb/src/portable/raspberrypi/rp2040/rp2040_usb.c.obj
                0x100055d8                _hw_endpoint_buffer_control_update32
 .text._hw_endpoint_start_next_buffer
                0x1000562c       0x5a CMakeFiles/thermometer.dir/home/pi/pico/pico-sdk/lib/tinyusb/src/portable/raspberrypi/rp2040/rp2040_usb.c.obj
                0x1000562c                _hw_endpoint_start_next_buffer
 .text._hw_endpoint_xfer_start
                0x10005686       0x46 CMakeFiles/thermometer.dir/home/pi/pico/pico-sdk/lib/tinyusb/src/portable/raspberrypi/rp2040/rp2040_usb.c.obj
                0x10005686                _hw_endpoint_xfer_start
 .text._hw_endpoint_xfer_sync
                0x100056cc       0x74 CMakeFiles/thermometer.dir/home/pi/pico/pico-sdk/lib/tinyusb/src/portable/raspberrypi/rp2040/rp2040_usb.c.obj
                0x100056cc                _hw_endpoint_xfer_sync
 .text._hw_endpoint_xfer_continue
                0x10005740       0x58 CMakeFiles/thermometer.dir/home/pi/pico/pico-sdk/lib/tinyusb/src/portable/raspberrypi/rp2040/rp2040_usb.c.obj
                0x10005740                _hw_endpoint_xfer_continue
 .text._hw_endpoint_xfer
                0x10005798       0x34 CMakeFiles/thermometer.dir/home/pi/pico/pico-sdk/lib/tinyusb/src/portable/raspberrypi/rp2040/rp2040_usb.c.obj
                0x10005798                _hw_endpoint_xfer
 .text.mark_interface_endpoint
                0x100057cc       0x2a CMakeFiles/thermometer.dir/home/pi/pico/pico-sdk/lib/tinyusb/src/device/usbd.c.obj
 *fill*         0x100057f6        0x2 
 .text.usbd_reset
                0x100057f8       0x8c CMakeFiles/thermometer.dir/home/pi/pico/pico-sdk/lib/tinyusb/src/device/usbd.c.obj
 .text.invoke_class_control
                0x10005884       0x18 CMakeFiles/thermometer.dir/home/pi/pico/pico-sdk/lib/tinyusb/src/device/usbd.c.obj
 .text.process_set_config
                0x1000589c      0x1d8 CMakeFiles/thermometer.dir/home/pi/pico/pico-sdk/lib/tinyusb/src/device/usbd.c.obj
 .text.process_get_descriptor
                0x10005a74      0x100 CMakeFiles/thermometer.dir/home/pi/pico/pico-sdk/lib/tinyusb/src/device/usbd.c.obj
 .text.tud_mounted
                0x10005b74       0x10 CMakeFiles/thermometer.dir/home/pi/pico/pico-sdk/lib/tinyusb/src/device/usbd.c.obj
                0x10005b74                tud_mounted
 .text.tud_suspended
                0x10005b84       0x10 CMakeFiles/thermometer.dir/home/pi/pico/pico-sdk/lib/tinyusb/src/device/usbd.c.obj
                0x10005b84                tud_suspended
 .text.tud_init
                0x10005b94       0xb8 CMakeFiles/thermometer.dir/home/pi/pico/pico-sdk/lib/tinyusb/src/device/usbd.c.obj
                0x10005b94                tud_init
 .text.dcd_event_handler
                0x10005c4c      0x1c0 CMakeFiles/thermometer.dir/home/pi/pico/pico-sdk/lib/tinyusb/src/device/usbd.c.obj
                0x10005c4c                dcd_event_handler
 .text.dcd_event_bus_signal
                0x10005e0c       0x28 CMakeFiles/thermometer.dir/home/pi/pico/pico-sdk/lib/tinyusb/src/device/usbd.c.obj
                0x10005e0c                dcd_event_bus_signal
 .text.dcd_event_setup_received
                0x10005e34       0x34 CMakeFiles/thermometer.dir/home/pi/pico/pico-sdk/lib/tinyusb/src/device/usbd.c.obj
                0x10005e34                dcd_event_setup_received
 .text.dcd_event_xfer_complete
                0x10005e68       0x46 CMakeFiles/thermometer.dir/home/pi/pico/pico-sdk/lib/tinyusb/src/device/usbd.c.obj
                0x10005e68                dcd_event_xfer_complete
 .text.usbd_edpt_open
                0x10005eae        0x8 CMakeFiles/thermometer.dir/home/pi/pico/pico-sdk/lib/tinyusb/src/device/usbd.c.obj
                0x10005eae                usbd_edpt_open
 *fill*         0x10005eb6        0x2 
 .text.usbd_open_edpt_pair
                0x10005eb8       0x84 CMakeFiles/thermometer.dir/home/pi/pico/pico-sdk/lib/tinyusb/src/device/usbd.c.obj
                0x10005eb8                usbd_open_edpt_pair
 .text.usbd_edpt_claim
                0x10005f3c       0x88 CMakeFiles/thermometer.dir/home/pi/pico/pico-sdk/lib/tinyusb/src/device/usbd.c.obj
                0x10005f3c                usbd_edpt_claim
 .text.usbd_edpt_release
                0x10005fc4       0x68 CMakeFiles/thermometer.dir/home/pi/pico/pico-sdk/lib/tinyusb/src/device/usbd.c.obj
                0x10005fc4                usbd_edpt_release
 .text.usbd_edpt_xfer
                0x1000602c       0x80 CMakeFiles/thermometer.dir/home/pi/pico/pico-sdk/lib/tinyusb/src/device/usbd.c.obj
                0x1000602c                usbd_edpt_xfer
 .text.usbd_edpt_stall
                0x100060ac       0x2c CMakeFiles/thermometer.dir/home/pi/pico/pico-sdk/lib/tinyusb/src/device/usbd.c.obj
                0x100060ac                usbd_edpt_stall
 .text.usbd_edpt_clear_stall
                0x100060d8       0x2c CMakeFiles/thermometer.dir/home/pi/pico/pico-sdk/lib/tinyusb/src/device/usbd.c.obj
                0x100060d8                usbd_edpt_clear_stall
 .text.usbd_edpt_stalled
                0x10006104       0x1c CMakeFiles/thermometer.dir/home/pi/pico/pico-sdk/lib/tinyusb/src/device/usbd.c.obj
                0x10006104                usbd_edpt_stalled
 .text.process_control_request
                0x10006120      0x37c CMakeFiles/thermometer.dir/home/pi/pico/pico-sdk/lib/tinyusb/src/device/usbd.c.obj
 .text.tud_task
                0x1000649c      0x204 CMakeFiles/thermometer.dir/home/pi/pico/pico-sdk/lib/tinyusb/src/device/usbd.c.obj
                0x1000649c                tud_task
 .text._data_stage_xact
                0x100066a0       0x58 CMakeFiles/thermometer.dir/home/pi/pico/pico-sdk/lib/tinyusb/src/device/usbd_control.c.obj
 .text.tud_control_status
                0x100066f8       0x38 CMakeFiles/thermometer.dir/home/pi/pico/pico-sdk/lib/tinyusb/src/device/usbd_control.c.obj
                0x100066f8                tud_control_status
 .text.tud_control_xfer
                0x10006730       0xa4 CMakeFiles/thermometer.dir/home/pi/pico/pico-sdk/lib/tinyusb/src/device/usbd_control.c.obj
                0x10006730                tud_control_xfer
 .text.usbd_control_reset
                0x100067d4       0x14 CMakeFiles/thermometer.dir/home/pi/pico/pico-sdk/lib/tinyusb/src/device/usbd_control.c.obj
                0x100067d4                usbd_control_reset
 .text.usbd_control_set_complete_callback
                0x100067e8        0xc CMakeFiles/thermometer.dir/home/pi/pico/pico-sdk/lib/tinyusb/src/device/usbd_control.c.obj
                0x100067e8                usbd_control_set_complete_callback
 .text.usbd_control_set_request
                0x100067f4       0x1c CMakeFiles/thermometer.dir/home/pi/pico/pico-sdk/lib/tinyusb/src/device/usbd_control.c.obj
                0x100067f4                usbd_control_set_request
 .text.usbd_control_xfer_cb
                0x10006810       0xec CMakeFiles/thermometer.dir/home/pi/pico/pico-sdk/lib/tinyusb/src/device/usbd_control.c.obj
                0x10006810                usbd_control_xfer_cb
 .text._prep_out_transaction
                0x100068fc       0x46 CMakeFiles/thermometer.dir/home/pi/pico/pico-sdk/lib/tinyusb/src/class/cdc/cdc_device.c.obj
 *fill*         0x10006942        0x2 
 .text.tud_cdc_n_connected
                0x10006944       0x48 CMakeFiles/thermometer.dir/home/pi/pico/pico-sdk/lib/tinyusb/src/class/cdc/cdc_device.c.obj
                0x10006944                tud_cdc_n_connected
 .text.tud_cdc_n_available
                0x1000698c       0x1c CMakeFiles/thermometer.dir/home/pi/pico/pico-sdk/lib/tinyusb/src/class/cdc/cdc_device.c.obj
                0x1000698c                tud_cdc_n_available
 .text.tud_cdc_n_read
                0x100069a8       0x30 CMakeFiles/thermometer.dir/home/pi/pico/pico-sdk/lib/tinyusb/src/class/cdc/cdc_device.c.obj
                0x100069a8                tud_cdc_n_read
 .text.tud_cdc_n_write_flush
                0x100069d8       0xc4 CMakeFiles/thermometer.dir/home/pi/pico/pico-sdk/lib/tinyusb/src/class/cdc/cdc_device.c.obj
                0x100069d8                tud_cdc_n_write_flush
 .text.tud_cdc_n_write
                0x10006a9c       0x38 CMakeFiles/thermometer.dir/home/pi/pico/pico-sdk/lib/tinyusb/src/class/cdc/cdc_device.c.obj
                0x10006a9c                tud_cdc_n_write
 .text.tud_cdc_n_write_available
                0x10006ad4       0x1c CMakeFiles/thermometer.dir/home/pi/pico/pico-sdk/lib/tinyusb/src/class/cdc/cdc_device.c.obj
                0x10006ad4                tud_cdc_n_write_available
 .text.cdcd_init
                0x10006af0       0xd4 CMakeFiles/thermometer.dir/home/pi/pico/pico-sdk/lib/tinyusb/src/class/cdc/cdc_device.c.obj
                0x10006af0                cdcd_init
 .text.cdcd_reset
                0x10006bc4       0x44 CMakeFiles/thermometer.dir/home/pi/pico/pico-sdk/lib/tinyusb/src/class/cdc/cdc_device.c.obj
                0x10006bc4                cdcd_reset
 .text.cdcd_open
                0x10006c08      0x110 CMakeFiles/thermometer.dir/home/pi/pico/pico-sdk/lib/tinyusb/src/class/cdc/cdc_device.c.obj
                0x10006c08                cdcd_open
 .text.cdcd_control_complete
                0x10006d18       0x60 CMakeFiles/thermometer.dir/home/pi/pico/pico-sdk/lib/tinyusb/src/class/cdc/cdc_device.c.obj
                0x10006d18                cdcd_control_complete
 .text.cdcd_control_request
                0x10006d78       0x9c CMakeFiles/thermometer.dir/home/pi/pico/pico-sdk/lib/tinyusb/src/class/cdc/cdc_device.c.obj
                0x10006d78                cdcd_control_request
 .text.cdcd_xfer_cb
                0x10006e14      0x134 CMakeFiles/thermometer.dir/home/pi/pico/pico-sdk/lib/tinyusb/src/class/cdc/cdc_device.c.obj
                0x10006e14                cdcd_xfer_cb
 .text.tusb_init
                0x10006f48       0x38 CMakeFiles/thermometer.dir/home/pi/pico/pico-sdk/lib/tinyusb/src/tusb.c.obj
                0x10006f48                tusb_init
 .text.tusb_inited
                0x10006f80        0xc CMakeFiles/thermometer.dir/home/pi/pico/pico-sdk/lib/tinyusb/src/tusb.c.obj
                0x10006f80                tusb_inited
 .text.advance_pointer
                0x10006f8c       0x20 CMakeFiles/thermometer.dir/home/pi/pico/pico-sdk/lib/tinyusb/src/common/tusb_fifo.c.obj
 .text.backward_pointer
                0x10006fac       0x20 CMakeFiles/thermometer.dir/home/pi/pico/pico-sdk/lib/tinyusb/src/common/tusb_fifo.c.obj
 .text.get_relative_pointer
                0x10006fcc       0x16 CMakeFiles/thermometer.dir/home/pi/pico/pico-sdk/lib/tinyusb/src/common/tusb_fifo.c.obj
 .text.tu_fifo_lock
                0x10006fe2       0x12 CMakeFiles/thermometer.dir/home/pi/pico/pico-sdk/lib/tinyusb/src/common/tusb_fifo.c.obj
 .text.tu_fifo_unlock
                0x10006ff4        0xe CMakeFiles/thermometer.dir/home/pi/pico/pico-sdk/lib/tinyusb/src/common/tusb_fifo.c.obj
 .text._tu_fifo_peek_at
                0x10007002       0x5e CMakeFiles/thermometer.dir/home/pi/pico/pico-sdk/lib/tinyusb/src/common/tusb_fifo.c.obj
 .text._ff_pull_n
                0x10007060       0x4a CMakeFiles/thermometer.dir/home/pi/pico/pico-sdk/lib/tinyusb/src/common/tusb_fifo.c.obj
 .text._tu_fifo_peek_at_n
                0x100070aa       0x72 CMakeFiles/thermometer.dir/home/pi/pico/pico-sdk/lib/tinyusb/src/common/tusb_fifo.c.obj
 .text._ff_push_n
                0x1000711c       0x4a CMakeFiles/thermometer.dir/home/pi/pico/pico-sdk/lib/tinyusb/src/common/tusb_fifo.c.obj
 .text.tu_fifo_config
                0x10007166       0x48 CMakeFiles/thermometer.dir/home/pi/pico/pico-sdk/lib/tinyusb/src/common/tusb_fifo.c.obj
                0x10007166                tu_fifo_config
 .text.tu_fifo_count
                0x100071ae       0x1a CMakeFiles/thermometer.dir/home/pi/pico/pico-sdk/lib/tinyusb/src/common/tusb_fifo.c.obj
                0x100071ae                tu_fifo_count
 .text.tu_fifo_remaining
                0x100071c8       0x20 CMakeFiles/thermometer.dir/home/pi/pico/pico-sdk/lib/tinyusb/src/common/tusb_fifo.c.obj
                0x100071c8                tu_fifo_remaining
 .text.tu_fifo_read
                0x100071e8       0x3a CMakeFiles/thermometer.dir/home/pi/pico/pico-sdk/lib/tinyusb/src/common/tusb_fifo.c.obj
                0x100071e8                tu_fifo_read
 .text.tu_fifo_read_n
                0x10007222       0x3e CMakeFiles/thermometer.dir/home/pi/pico/pico-sdk/lib/tinyusb/src/common/tusb_fifo.c.obj
                0x10007222                tu_fifo_read_n
 .text.tu_fifo_write
                0x10007260       0x5c CMakeFiles/thermometer.dir/home/pi/pico/pico-sdk/lib/tinyusb/src/common/tusb_fifo.c.obj
                0x10007260                tu_fifo_write
 .text.tu_fifo_write_n
                0x100072bc       0x7c CMakeFiles/thermometer.dir/home/pi/pico/pico-sdk/lib/tinyusb/src/common/tusb_fifo.c.obj
                0x100072bc                tu_fifo_write_n
 .text.tu_fifo_clear
                0x10007338       0x18 CMakeFiles/thermometer.dir/home/pi/pico/pico-sdk/lib/tinyusb/src/common/tusb_fifo.c.obj
                0x10007338                tu_fifo_clear
 .text.adc_init
                0x10007350       0x34 CMakeFiles/thermometer.dir/home/pi/pico/pico-sdk/src/rp2_common/hardware_adc/adc.c.obj
                0x10007350                adc_init
 .text          0x10007384       0x18 /usr/lib/gcc/arm-none-eabi/7.3.1/../../../arm-none-eabi/lib/thumb/v6-m/libg.a(lib_a-calloc.o)
                0x10007384                calloc
 .text          0x1000739c       0x58 /usr/lib/gcc/arm-none-eabi/7.3.1/../../../arm-none-eabi/lib/thumb/v6-m/libg.a(lib_a-callocr.o)
                0x1000739c                _calloc_r
 .text          0x100073f4       0x28 /usr/lib/gcc/arm-none-eabi/7.3.1/../../../arm-none-eabi/lib/thumb/v6-m/libg.a(lib_a-malloc.o)
                0x100073f4                malloc
                0x10007408                free
 .text          0x1000741c      0x570 /usr/lib/gcc/arm-none-eabi/7.3.1/../../../arm-none-eabi/lib/thumb/v6-m/libg.a(lib_a-mallocr.o)
                0x1000741c                _malloc_r
 .text          0x1000798c        0x8 /usr/lib/gcc/arm-none-eabi/7.3.1/../../../arm-none-eabi/lib/thumb/v6-m/libg.a(lib_a-mlock.o)
                0x1000798c                __malloc_lock
                0x10007990                __malloc_unlock
 .text          0x10007994       0x24 /usr/lib/gcc/arm-none-eabi/7.3.1/../../../arm-none-eabi/lib/thumb/v6-m/libg.a(lib_a-sbrkr.o)
                0x10007994                _sbrk_r
 .text          0x100079b8       0x64 /usr/lib/gcc/arm-none-eabi/7.3.1/../../../arm-none-eabi/lib/thumb/v6-m/libg.a(lib_a-strlen-stub.o)
                0x100079b8                strlen
 .text          0x10007a1c      0x274 /usr/lib/gcc/arm-none-eabi/7.3.1/../../../arm-none-eabi/lib/thumb/v6-m/libg.a(lib_a-freer.o)
                0x10007a1c                _malloc_trim_r
                0x10007abc                _free_r
 *(.fini)
 .fini          0x10007c90        0x4 /usr/lib/gcc/arm-none-eabi/7.3.1/thumb/v6-m/crti.o
                0x10007c90                _fini
 *fill*         0x10007c94        0x4 
 .fini.__stub   0x10007c98       0x60 linker stubs
 *crtbegin.o(.ctors)
 *crtbegin?.o(.ctors)
 *(EXCLUDE_FILE(*crtend.o *crtend?.o) .ctors)
 *(SORT_BY_NAME(.ctors.*))
 *(.ctors)
 *crtbegin.o(.dtors)
 *crtbegin?.o(.dtors)
 *(EXCLUDE_FILE(*crtend.o *crtend?.o) .dtors)
 *(SORT_BY_NAME(.dtors.*))
 *(.dtors)
 *(.eh_frame*)
 .eh_frame      0x10007cf8        0x0 /usr/lib/gcc/arm-none-eabi/7.3.1/thumb/v6-m/crtbegin.o
                0x10007cf8                . = ALIGN (0x4)

.glue_7         0x10007cf8        0x0
 .glue_7        0x10007cf8        0x0 linker stubs

.glue_7t        0x10007cf8        0x0
 .glue_7t       0x10007cf8        0x0 linker stubs

.vfp11_veneer   0x10007cf8        0x0
 .vfp11_veneer  0x10007cf8        0x0 linker stubs

.v4_bx          0x10007cf8        0x0
 .v4_bx         0x10007cf8        0x0 linker stubs

.iplt           0x10007cf8        0x0
 .iplt          0x10007cf8        0x0 /usr/lib/gcc/arm-none-eabi/7.3.1/thumb/v6-m/crtbegin.o

.rodata         0x10007cf8     0x13dc
 *(EXCLUDE_FILE(*libm.a: *libc.a:*lib_a-mem*.o *libgcc.a:) .rodata*)
 .rodata.main   0x10007cf8       0xa0 CMakeFiles/thermometer.dir/thermometer.c.obj
 .rodata.main.str1.4
                0x10007d98       0x14 CMakeFiles/thermometer.dir/thermometer.c.obj
 .rodata.spin_lock_claim_unused.str1.4
                0x10007dac       0x1b CMakeFiles/thermometer.dir/home/pi/pico/pico-sdk/src/rp2_common/hardware_sync/sync.c.obj
 *fill*         0x10007dc7        0x1 
 .rodata.__func__.5862
                0x10007dc8        0xc CMakeFiles/thermometer.dir/home/pi/pico/pico-sdk/src/common/pico_time/time.c.obj
 .rodata.__func__.5869
                0x10007dd4       0x12 CMakeFiles/thermometer.dir/home/pi/pico/pico-sdk/src/common/pico_time/time.c.obj
 *fill*         0x10007de6        0x2 
 .rodata.__func__.5884
                0x10007de8        0xa CMakeFiles/thermometer.dir/home/pi/pico/pico-sdk/src/common/pico_time/time.c.obj
 *fill*         0x10007df2        0x2 
 .rodata.__func__.5906
                0x10007df4       0x14 CMakeFiles/thermometer.dir/home/pi/pico/pico-sdk/src/common/pico_time/time.c.obj
 .rodata.__func__.6181
                0x10007e08       0x17 CMakeFiles/thermometer.dir/home/pi/pico/pico-sdk/src/common/pico_time/time.c.obj
 *fill*         0x10007e1f        0x1 
 .rodata.__func__.6186
                0x10007e20        0xa CMakeFiles/thermometer.dir/home/pi/pico/pico-sdk/src/common/pico_time/time.c.obj
 *fill*         0x10007e2a        0x2 
 .rodata.__func__.6191
                0x10007e2c       0x12 CMakeFiles/thermometer.dir/home/pi/pico/pico-sdk/src/common/pico_time/time.c.obj
 *fill*         0x10007e3e        0x2 
 .rodata.__func__.6212
                0x10007e40       0x15 CMakeFiles/thermometer.dir/home/pi/pico/pico-sdk/src/common/pico_time/time.c.obj
 *fill*         0x10007e55        0x3 
 .rodata.__func__.6229
                0x10007e58       0x1a CMakeFiles/thermometer.dir/home/pi/pico/pico-sdk/src/common/pico_time/time.c.obj
 *fill*         0x10007e72        0x2 
 .rodata.__func__.6264
                0x10007e74       0x18 CMakeFiles/thermometer.dir/home/pi/pico/pico-sdk/src/common/pico_time/time.c.obj
 .rodata.add_alarm_under_lock.str1.4
                0x10007e8c       0x27 CMakeFiles/thermometer.dir/home/pi/pico/pico-sdk/src/common/pico_time/time.c.obj
 *fill*         0x10007eb3        0x1 
 .rodata.alarm_pool_alarm_callback.str1.4
                0x10007eb4       0x7d CMakeFiles/thermometer.dir/home/pi/pico/pico-sdk/src/common/pico_time/time.c.obj
 *fill*         0x10007f31        0x3 
 .rodata.alarm_pool_cancel_alarm.str1.4
                0x10007f34       0x27 CMakeFiles/thermometer.dir/home/pi/pico/pico-sdk/src/common/pico_time/time.c.obj
 *fill*         0x10007f5b        0x1 
 .rodata.alarm_pool_dump_key.str1.4
                0x10007f5c       0x67 CMakeFiles/thermometer.dir/home/pi/pico/pico-sdk/src/common/pico_time/time.c.obj
 *fill*         0x10007fc3        0x1 
 .rodata.alarm_pool_get_default.str1.4
                0x10007fc4       0x13 CMakeFiles/thermometer.dir/home/pi/pico/pico-sdk/src/common/pico_time/time.c.obj
 *fill*         0x10007fd7        0x1 
 .rodata.ph_add_child_node.str1.4
                0x10007fd8       0x92 CMakeFiles/thermometer.dir/home/pi/pico/pico-sdk/src/common/pico_time/time.c.obj
 *fill*         0x1000806a        0x2 
 .rodata.__func__.4462
                0x1000806c       0x1a CMakeFiles/thermometer.dir/home/pi/pico/pico-sdk/src/rp2_common/hardware_timer/timer.c.obj
 *fill*         0x10008086        0x2 
 .rodata.hardware_alarm_claim.str1.4
                0x10008088       0x22 CMakeFiles/thermometer.dir/home/pi/pico/pico-sdk/src/rp2_common/hardware_timer/timer.c.obj
 *fill*         0x100080aa        0x2 
 .rodata.hardware_alarm_set_target.str1.4
                0x100080ac       0x61 CMakeFiles/thermometer.dir/home/pi/pico/pico-sdk/src/rp2_common/hardware_timer/timer.c.obj
 *fill*         0x1000810d        0x3 
 .rodata.__func__.4304
                0x10008110        0xa CMakeFiles/thermometer.dir/home/pi/pico/pico-sdk/src/common/pico_sync/lock_core.c.obj
 *fill*         0x1000811a        0x2 
 .rodata.lock_init.str1.4
                0x1000811c       0x64 CMakeFiles/thermometer.dir/home/pi/pico/pico-sdk/src/common/pico_sync/lock_core.c.obj
 .rodata.__func__.4520
                0x10008180       0x15 CMakeFiles/thermometer.dir/home/pi/pico/pico-sdk/src/common/pico_sync/mutex.c.obj
 *fill*         0x10008195        0x3 
 .rodata.__func__.4539
                0x10008198       0x18 CMakeFiles/thermometer.dir/home/pi/pico/pico-sdk/src/common/pico_sync/mutex.c.obj
 .rodata.__func__.4548
                0x100081b0        0xb CMakeFiles/thermometer.dir/home/pi/pico/pico-sdk/src/common/pico_sync/mutex.c.obj
 *fill*         0x100081bb        0x1 
 .rodata.str1.4
                0x100081bc       0x53 CMakeFiles/thermometer.dir/home/pi/pico/pico-sdk/src/common/pico_sync/mutex.c.obj
 *fill*         0x1000820f        0x1 
 .rodata.__func__.5643
                0x10008210        0xc CMakeFiles/thermometer.dir/home/pi/pico/pico-sdk/src/common/pico_util/pheap.c.obj
 .rodata.__func__.5650
                0x1000821c       0x12 CMakeFiles/thermometer.dir/home/pi/pico/pico-sdk/src/common/pico_util/pheap.c.obj
 *fill*         0x1000822e        0x2 
 .rodata.__func__.5723
                0x10008230       0x13 CMakeFiles/thermometer.dir/home/pi/pico/pico-sdk/src/common/pico_util/pheap.c.obj
 *fill*         0x10008243        0x1 
 .rodata.__func__.5741
                0x10008244        0xa CMakeFiles/thermometer.dir/home/pi/pico/pico-sdk/src/common/pico_util/pheap.c.obj
 .rodata.ph_add_child_node.str1.4
                0x1000824e       0x92 CMakeFiles/thermometer.dir/home/pi/pico/pico-sdk/src/common/pico_util/pheap.c.obj
 *fill*         0x1000824e        0x2 
 .rodata.ph_delete.str1.4
                0x10008250       0x26 CMakeFiles/thermometer.dir/home/pi/pico/pico-sdk/src/common/pico_util/pheap.c.obj
 *fill*         0x10008276        0x2 
 .rodata.ph_remove_any_head.str1.4
                0x10008278       0x88 CMakeFiles/thermometer.dir/home/pi/pico/pico-sdk/src/common/pico_util/pheap.c.obj
 .rodata.__assert_func.str1.4
                0x10008300       0x3f CMakeFiles/thermometer.dir/home/pi/pico/pico-sdk/src/rp2_common/pico_runtime/runtime.c.obj
                                 0x43 (size before relaxing)
 *fill*         0x1000833f        0x1 
 .rodata.panic.str1.4
                0x10008340       0x12 CMakeFiles/thermometer.dir/home/pi/pico/pico-sdk/src/rp2_common/pico_runtime/runtime.c.obj
 *fill*         0x10008352        0x2 
 .rodata.__func__.4598
                0x10008354       0x10 CMakeFiles/thermometer.dir/home/pi/pico/pico-sdk/src/rp2_common/hardware_clocks/clocks.c.obj
 .rodata.clock_configure.str1.4
                0x10008364       0x53 CMakeFiles/thermometer.dir/home/pi/pico/pico-sdk/src/rp2_common/hardware_clocks/clocks.c.obj
 *fill*         0x100083b7        0x1 
 .rodata.__func__.4332
                0x100083b8        0x9 CMakeFiles/thermometer.dir/home/pi/pico/pico-sdk/src/rp2_common/hardware_pll/pll.c.obj
 *fill*         0x100083c1        0x3 
 .rodata.pll_init.str1.4
                0x100083c4       0xd7 CMakeFiles/thermometer.dir/home/pi/pico/pico-sdk/src/rp2_common/hardware_pll/pll.c.obj
 *fill*         0x1000849b        0x1 
 .rodata.__func__.4424
                0x1000849c       0x1a CMakeFiles/thermometer.dir/home/pi/pico/pico-sdk/src/rp2_common/hardware_irq/irq.c.obj
 *fill*         0x100084b6        0x2 
 .rodata.__func__.4438
                0x100084b8        0xc CMakeFiles/thermometer.dir/home/pi/pico/pico-sdk/src/rp2_common/hardware_irq/irq.c.obj
 .rodata.__func__.4446
                0x100084c4       0x17 CMakeFiles/thermometer.dir/home/pi/pico/pico-sdk/src/rp2_common/hardware_irq/irq.c.obj
 *fill*         0x100084db        0x1 
 .rodata.__func__.4450
                0x100084dc        0xf CMakeFiles/thermometer.dir/home/pi/pico/pico-sdk/src/rp2_common/hardware_irq/irq.c.obj
 *fill*         0x100084eb        0x1 
 .rodata.__func__.4486
                0x100084ec       0x13 CMakeFiles/thermometer.dir/home/pi/pico/pico-sdk/src/rp2_common/hardware_irq/irq.c.obj
 *fill*         0x100084ff        0x1 
 .rodata.__func__.4505
                0x10008500       0x1a CMakeFiles/thermometer.dir/home/pi/pico/pico-sdk/src/rp2_common/hardware_irq/irq.c.obj
 *fill*         0x1000851a        0x2 
 .rodata.irq_add_shared_handler.str1.4
                0x1000851c       0xd9 CMakeFiles/thermometer.dir/home/pi/pico/pico-sdk/src/rp2_common/hardware_irq/irq.c.obj
 *fill*         0x100085f5        0x3 
 .rodata.irq_add_tail_to_free_list.str1.4
                0x100085f8       0x32 CMakeFiles/thermometer.dir/home/pi/pico/pico-sdk/src/rp2_common/hardware_irq/irq.c.obj
                                 0x3a (size before relaxing)
 *fill*         0x1000862a        0x2 
 .rodata.irq_remove_handler.str1.4
                0x1000862c       0x2a CMakeFiles/thermometer.dir/home/pi/pico/pico-sdk/src/rp2_common/hardware_irq/irq.c.obj
 *fill*         0x10008656        0x2 
 .rodata.irq_set_exclusive_handler.str1.4
                0x10008658       0x36 CMakeFiles/thermometer.dir/home/pi/pico/pico-sdk/src/rp2_common/hardware_irq/irq.c.obj
 *fill*         0x1000868e        0x2 
 .rodata.make_branch.str1.4
                0x10008690       0x49 CMakeFiles/thermometer.dir/home/pi/pico/pico-sdk/src/rp2_common/hardware_irq/irq.c.obj
 *fill*         0x100086d9        0x3 
 .rodata._vsnprintf
                0x100086dc      0x1e0 CMakeFiles/thermometer.dir/home/pi/pico/pico-sdk/src/rp2_common/pico_printf/printf.c.obj
 .rodata._ftoa.str1.4
                0x100088bc       0x15 CMakeFiles/thermometer.dir/home/pi/pico/pico-sdk/src/rp2_common/pico_printf/printf.c.obj
 *fill*         0x100088d1        0x7 
 .rodata.pow10.5357
                0x100088d8       0x50 CMakeFiles/thermometer.dir/home/pi/pico/pico-sdk/src/rp2_common/pico_printf/printf.c.obj
 .rodata.__aeabi_double_init.str1.4
                0x10008928       0xa4 CMakeFiles/thermometer.dir/home/pi/pico/pico-sdk/src/rp2_common/pico_double/double_init_rom.c.obj
 .rodata.__func__.4614
                0x100089cc       0x14 CMakeFiles/thermometer.dir/home/pi/pico/pico-sdk/src/rp2_common/pico_double/double_init_rom.c.obj
 .rodata.__aeabi_float_init.str1.4
                0x100089e0       0x76 CMakeFiles/thermometer.dir/home/pi/pico/pico-sdk/src/rp2_common/pico_float/float_init_rom.c.obj
                                 0x7a (size before relaxing)
 *fill*         0x10008a56        0x2 
 .rodata.__func__.4616
                0x10008a58       0x13 CMakeFiles/thermometer.dir/home/pi/pico/pico-sdk/src/rp2_common/pico_float/float_init_rom.c.obj
 *fill*         0x10008a6b        0x1 
 .rodata.__bi_40
                0x10008a6c        0xc CMakeFiles/thermometer.dir/home/pi/pico/pico-sdk/src/rp2_common/pico_standard_link/binary_info.c.obj
 .rodata.__bi_52
                0x10008a78        0xc CMakeFiles/thermometer.dir/home/pi/pico/pico-sdk/src/rp2_common/pico_standard_link/binary_info.c.obj
 .rodata.__bi_71
                0x10008a84        0xc CMakeFiles/thermometer.dir/home/pi/pico/pico-sdk/src/rp2_common/pico_standard_link/binary_info.c.obj
 .rodata.str1.4
                0x10008a90       0x34 CMakeFiles/thermometer.dir/home/pi/pico/pico-sdk/src/rp2_common/pico_standard_link/binary_info.c.obj
 .rodata.crlf_str.5760
                0x10008ac4        0x2 CMakeFiles/thermometer.dir/home/pi/pico/pico-sdk/src/rp2_common/pico_stdio/stdio.c.obj
 *fill*         0x10008ac6        0x2 
 .rodata.__bi_93.6959
                0x10008ac8        0xc CMakeFiles/thermometer.dir/home/pi/pico/pico-sdk/src/rp2_common/pico_stdio_usb/stdio_usb.c.obj
 .rodata.str1.4
                0x10008ad4       0x13 CMakeFiles/thermometer.dir/home/pi/pico/pico-sdk/src/rp2_common/pico_stdio_usb/stdio_usb.c.obj
 *fill*         0x10008ae7        0x1 
 .rodata.str1.4
                0x10008ae8       0x32 CMakeFiles/thermometer.dir/home/pi/pico/pico-sdk/src/rp2_common/pico_stdio_usb/stdio_usb_descriptors.c.obj
 *fill*         0x10008b1a        0x2 
 .rodata.usbd_desc_cfg
                0x10008b1c       0x4b CMakeFiles/thermometer.dir/home/pi/pico/pico-sdk/src/rp2_common/pico_stdio_usb/stdio_usb_descriptors.c.obj
 *fill*         0x10008b67        0x1 
 .rodata.usbd_desc_device
                0x10008b68       0x12 CMakeFiles/thermometer.dir/home/pi/pico/pico-sdk/src/rp2_common/pico_stdio_usb/stdio_usb_descriptors.c.obj
 *fill*         0x10008b7a        0x2 
 .rodata.usbd_desc_str
                0x10008b7c       0x14 CMakeFiles/thermometer.dir/home/pi/pico/pico-sdk/src/rp2_common/pico_stdio_usb/stdio_usb_descriptors.c.obj
 .rodata.__func__.6680
                0x10008b90       0x13 CMakeFiles/thermometer.dir/home/pi/pico/pico-sdk/lib/tinyusb/src/portable/raspberrypi/rp2040/dcd_rp2040.c.obj
 *fill*         0x10008ba3        0x1 
 .rodata.__func__.6711
                0x10008ba4       0x16 CMakeFiles/thermometer.dir/home/pi/pico/pico-sdk/lib/tinyusb/src/portable/raspberrypi/rp2040/dcd_rp2040.c.obj
 *fill*         0x10008bba        0x2 
 .rodata.__func__.6732
                0x10008bbc       0x13 CMakeFiles/thermometer.dir/home/pi/pico/pico-sdk/lib/tinyusb/src/portable/raspberrypi/rp2040/dcd_rp2040.c.obj
 *fill*         0x10008bcf        0x1 
 .rodata.__func__.6753
                0x10008bd0        0x9 CMakeFiles/thermometer.dir/home/pi/pico/pico-sdk/lib/tinyusb/src/portable/raspberrypi/rp2040/dcd_rp2040.c.obj
 *fill*         0x10008bd9        0x3 
 .rodata.__func__.6757
                0x10008bdc        0xf CMakeFiles/thermometer.dir/home/pi/pico/pico-sdk/lib/tinyusb/src/portable/raspberrypi/rp2040/dcd_rp2040.c.obj
 *fill*         0x10008beb        0x1 
 .rodata.__func__.6766
                0x10008bec       0x10 CMakeFiles/thermometer.dir/home/pi/pico/pico-sdk/lib/tinyusb/src/portable/raspberrypi/rp2040/dcd_rp2040.c.obj
 .rodata.__func__.6778
                0x10008bfc        0xc CMakeFiles/thermometer.dir/home/pi/pico/pico-sdk/lib/tinyusb/src/portable/raspberrypi/rp2040/dcd_rp2040.c.obj
 .rodata.__func__.6783
                0x10008c08       0x1a CMakeFiles/thermometer.dir/home/pi/pico/pico-sdk/lib/tinyusb/src/portable/raspberrypi/rp2040/dcd_rp2040.c.obj
 *fill*         0x10008c22        0x2 
 .rodata.__func__.6788
                0x10008c24        0xe CMakeFiles/thermometer.dir/home/pi/pico/pico-sdk/lib/tinyusb/src/portable/raspberrypi/rp2040/dcd_rp2040.c.obj
 *fill*         0x10008c32        0x2 
 .rodata.__func__.6795
                0x10008c34        0xe CMakeFiles/thermometer.dir/home/pi/pico/pico-sdk/lib/tinyusb/src/portable/raspberrypi/rp2040/dcd_rp2040.c.obj
 *fill*         0x10008c42        0x2 
 .rodata.__func__.6800
                0x10008c44        0xf CMakeFiles/thermometer.dir/home/pi/pico/pico-sdk/lib/tinyusb/src/portable/raspberrypi/rp2040/dcd_rp2040.c.obj
 *fill*         0x10008c53        0x1 
 .rodata.__func__.6805
                0x10008c54       0x15 CMakeFiles/thermometer.dir/home/pi/pico/pico-sdk/lib/tinyusb/src/portable/raspberrypi/rp2040/dcd_rp2040.c.obj
 *fill*         0x10008c69        0x3 
 .rodata._hw_endpoint_alloc.str1.4
                0x10008c6c       0xb1 CMakeFiles/thermometer.dir/home/pi/pico/pico-sdk/lib/tinyusb/src/portable/raspberrypi/rp2040/dcd_rp2040.c.obj
 *fill*         0x10008d1d        0x3 
 .rodata._hw_endpoint_init.str1.4
                0x10008d20       0x28 CMakeFiles/thermometer.dir/home/pi/pico/pico-sdk/lib/tinyusb/src/portable/raspberrypi/rp2040/dcd_rp2040.c.obj
 .rodata._hw_endpoint_stall.str1.4
                0x10008d48        0xd CMakeFiles/thermometer.dir/home/pi/pico/pico-sdk/lib/tinyusb/src/portable/raspberrypi/rp2040/dcd_rp2040.c.obj
 *fill*         0x10008d55        0x3 
 .rodata.dcd_int_enable.str1.4
                0x10008d58        0xc CMakeFiles/thermometer.dir/home/pi/pico/pico-sdk/lib/tinyusb/src/portable/raspberrypi/rp2040/dcd_rp2040.c.obj
 .rodata.dcd_rp2040_irq.str1.4
                0x10008d64       0x14 CMakeFiles/thermometer.dir/home/pi/pico/pico-sdk/lib/tinyusb/src/portable/raspberrypi/rp2040/dcd_rp2040.c.obj
 .rodata.hw_handle_buff_status.str1.4
                0x10008d78        0xb CMakeFiles/thermometer.dir/home/pi/pico/pico-sdk/lib/tinyusb/src/portable/raspberrypi/rp2040/dcd_rp2040.c.obj
 *fill*         0x10008d83        0x1 
 .rodata.__func__.6559
                0x10008d84       0x17 CMakeFiles/thermometer.dir/home/pi/pico/pico-sdk/lib/tinyusb/src/portable/raspberrypi/rp2040/rp2040_usb.c.obj
 *fill*         0x10008d9b        0x1 
 .rodata.__func__.6570
                0x10008d9c       0x12 CMakeFiles/thermometer.dir/home/pi/pico/pico-sdk/lib/tinyusb/src/portable/raspberrypi/rp2040/rp2040_usb.c.obj
 *fill*         0x10008dae        0x2 
 .rodata._hw_endpoint_buffer_control_update32.str1.4
                0x10008db0       0x1f CMakeFiles/thermometer.dir/home/pi/pico/pico-sdk/lib/tinyusb/src/portable/raspberrypi/rp2040/rp2040_usb.c.obj
 *fill*         0x10008dcf        0x1 
 .rodata._hw_endpoint_xfer.str1.4
                0x10008dd0        0xf CMakeFiles/thermometer.dir/home/pi/pico/pico-sdk/lib/tinyusb/src/portable/raspberrypi/rp2040/rp2040_usb.c.obj
 *fill*         0x10008ddf        0x1 
 .rodata._hw_endpoint_xfer_continue.str1.4
                0x10008de0       0x50 CMakeFiles/thermometer.dir/home/pi/pico/pico-sdk/lib/tinyusb/src/portable/raspberrypi/rp2040/rp2040_usb.c.obj
 .rodata._hw_endpoint_xfer_sync.str1.4
                0x10008e30       0x8d CMakeFiles/thermometer.dir/home/pi/pico/pico-sdk/lib/tinyusb/src/portable/raspberrypi/rp2040/rp2040_usb.c.obj
 *fill*         0x10008ebd        0x3 
 .rodata.str1.4
                0x10008ec0        0x7 CMakeFiles/thermometer.dir/home/pi/pico/pico-sdk/lib/tinyusb/src/portable/raspberrypi/rp2040/rp2040_usb.c.obj
 *fill*         0x10008ec7        0x1 
 .rodata.process_get_descriptor
                0x10008ec8       0x40 CMakeFiles/thermometer.dir/home/pi/pico/pico-sdk/lib/tinyusb/src/device/usbd.c.obj
 .rodata.process_control_request
                0x10008f08       0x28 CMakeFiles/thermometer.dir/home/pi/pico/pico-sdk/lib/tinyusb/src/device/usbd.c.obj
 .rodata.tud_task
                0x10008f30       0x24 CMakeFiles/thermometer.dir/home/pi/pico/pico-sdk/lib/tinyusb/src/device/usbd.c.obj
 .rodata.__func__.6304
                0x10008f54       0x13 CMakeFiles/thermometer.dir/home/pi/pico/pico-sdk/lib/tinyusb/src/device/usbd.c.obj
 *fill*         0x10008f67        0x1 
 .rodata.__func__.6311
                0x10008f68       0x10 CMakeFiles/thermometer.dir/home/pi/pico/pico-sdk/lib/tinyusb/src/device/usbd.c.obj
 .rodata.__func__.7081
                0x10008f78        0x9 CMakeFiles/thermometer.dir/home/pi/pico/pico-sdk/lib/tinyusb/src/device/usbd.c.obj
 *fill*         0x10008f81        0x3 
 .rodata.__func__.7102
                0x10008f84       0x18 CMakeFiles/thermometer.dir/home/pi/pico/pico-sdk/lib/tinyusb/src/device/usbd.c.obj
 .rodata.__func__.7141
                0x10008f9c       0x13 CMakeFiles/thermometer.dir/home/pi/pico/pico-sdk/lib/tinyusb/src/device/usbd.c.obj
 *fill*         0x10008faf        0x1 
 .rodata.__func__.7184
                0x10008fb0       0x17 CMakeFiles/thermometer.dir/home/pi/pico/pico-sdk/lib/tinyusb/src/device/usbd.c.obj
 *fill*         0x10008fc7        0x1 
 .rodata.__func__.7238
                0x10008fc8       0x14 CMakeFiles/thermometer.dir/home/pi/pico/pico-sdk/lib/tinyusb/src/device/usbd.c.obj
 .rodata.__func__.7274
                0x10008fdc        0xf CMakeFiles/thermometer.dir/home/pi/pico/pico-sdk/lib/tinyusb/src/device/usbd.c.obj
 *fill*         0x10008feb        0x1 
 .rodata._usbd_driver
                0x10008fec       0x1c CMakeFiles/thermometer.dir/home/pi/pico/pico-sdk/lib/tinyusb/src/device/usbd.c.obj
 .rodata.dcd_event_handler.str1.4
                0x10009008       0x48 CMakeFiles/thermometer.dir/home/pi/pico/pico-sdk/lib/tinyusb/src/device/usbd.c.obj
 .rodata.process_set_config.str1.4
                0x10009050       0x18 CMakeFiles/thermometer.dir/home/pi/pico/pico-sdk/lib/tinyusb/src/device/usbd.c.obj
                                 0x17 (size before relaxing)
 .rodata.__func__.7001
                0x10009068       0x11 CMakeFiles/thermometer.dir/home/pi/pico/pico-sdk/lib/tinyusb/src/device/usbd_control.c.obj
 *fill*         0x10009079        0x3 
 .rodata.__func__.7019
                0x1000907c       0x15 CMakeFiles/thermometer.dir/home/pi/pico/pico-sdk/lib/tinyusb/src/device/usbd_control.c.obj
 .rodata.tud_control_xfer.str1.4
                0x10009091       0x17 CMakeFiles/thermometer.dir/home/pi/pico/pico-sdk/lib/tinyusb/src/device/usbd_control.c.obj
 *fill*         0x10009091        0x3 
 .rodata.__func__.6944
                0x10009094       0x16 CMakeFiles/thermometer.dir/home/pi/pico/pico-sdk/lib/tinyusb/src/class/cdc/cdc_device.c.obj
 *fill*         0x100090aa        0x2 
 .rodata.__func__.6973
                0x100090ac        0xa CMakeFiles/thermometer.dir/home/pi/pico/pico-sdk/lib/tinyusb/src/class/cdc/cdc_device.c.obj
 *fill*         0x100090b6        0x2 
 .rodata.__func__.7013
                0x100090b8        0xd CMakeFiles/thermometer.dir/home/pi/pico/pico-sdk/lib/tinyusb/src/class/cdc/cdc_device.c.obj
 .rodata.tud_cdc_n_write_flush.str1.4
                0x100090c5       0x17 CMakeFiles/thermometer.dir/home/pi/pico/pico-sdk/lib/tinyusb/src/class/cdc/cdc_device.c.obj
 *fill*         0x100090c5        0x3 
 .rodata.__func__.6881
                0x100090c8        0xa CMakeFiles/thermometer.dir/home/pi/pico/pico-sdk/lib/tinyusb/src/tusb.c.obj
 .rodata.tusb_init.str1.4
                0x100090d2       0x17 CMakeFiles/thermometer.dir/home/pi/pico/pico-sdk/lib/tinyusb/src/tusb.c.obj
                0x100090ec                . = ALIGN (0x4)
 *fill*         0x100090d2        0x2 
 *(SORT_BY_ALIGNMENT(SORT_BY_NAME(.flashdata*)))
                0x100090d4                . = ALIGN (0x4)

.rel.dyn        0x100090d4        0x0
 .rel.iplt      0x100090d4        0x0 /usr/lib/gcc/arm-none-eabi/7.3.1/thumb/v6-m/crtbegin.o

.ARM.extab
 *(.ARM.extab* .gnu.linkonce.armextab.*)
                0x100090d4                __exidx_start = .

.ARM.exidx
 *(.ARM.exidx* .gnu.linkonce.armexidx.*)
                0x100090d4                __exidx_end = .
                0x100090d4                . = ALIGN (0x4)
                0x100090d4                __binary_info_start = .

.binary_info    0x100090d4       0x20
 *(.binary_info.keep.*)
 .binary_info.keep.__bi_ptr18
                0x100090d4        0x4 CMakeFiles/thermometer.dir/home/pi/pico/pico-sdk/src/rp2_common/pico_standard_link/binary_info.c.obj
 .binary_info.keep.__bi_ptr26
                0x100090d8        0x4 CMakeFiles/thermometer.dir/home/pi/pico/pico-sdk/src/rp2_common/pico_standard_link/binary_info.c.obj
 .binary_info.keep.__bi_ptr34
                0x100090dc        0x4 CMakeFiles/thermometer.dir/home/pi/pico/pico-sdk/src/rp2_common/pico_standard_link/binary_info.c.obj
 .binary_info.keep.__bi_ptr40
                0x100090e0        0x4 CMakeFiles/thermometer.dir/home/pi/pico/pico-sdk/src/rp2_common/pico_standard_link/binary_info.c.obj
 .binary_info.keep.__bi_ptr46
                0x100090e4        0x4 CMakeFiles/thermometer.dir/home/pi/pico/pico-sdk/src/rp2_common/pico_standard_link/binary_info.c.obj
 .binary_info.keep.__bi_ptr52
                0x100090e8        0x4 CMakeFiles/thermometer.dir/home/pi/pico/pico-sdk/src/rp2_common/pico_standard_link/binary_info.c.obj
 .binary_info.keep.__bi_ptr71
                0x100090ec        0x4 CMakeFiles/thermometer.dir/home/pi/pico/pico-sdk/src/rp2_common/pico_standard_link/binary_info.c.obj
 *(.binary_info.*)
 .binary_info.__bi_ptr93
                0x100090f0        0x4 CMakeFiles/thermometer.dir/home/pi/pico/pico-sdk/src/rp2_common/pico_stdio_usb/stdio_usb.c.obj
                0x100090f4                __binary_info_end = .
                0x100090f4                . = ALIGN (0x4)
                0x100090f4                __etext = .

.ram_vector_table
                0x20000000       0xc0
 *(.ram_vector_table)
 .ram_vector_table
                0x20000000       0xc0 CMakeFiles/thermometer.dir/home/pi/pico/pico-sdk/src/rp2_common/pico_runtime/runtime.c.obj
                0x20000000                ram_vector_table

.data           0x200000c0      0xb0c load address 0x100090f4
                0x200000c0                __data_start__ = .
 *(vtable)
 *(.time_critical*)
 .time_critical.mutex_enter_blocking
                0x200000c0       0x64 CMakeFiles/thermometer.dir/home/pi/pico/pico-sdk/src/common/pico_sync/mutex.c.obj
                0x200000c0                mutex_enter_blocking
 .time_critical.mutex_try_enter
                0x20000124       0x4c CMakeFiles/thermometer.dir/home/pi/pico/pico-sdk/src/common/pico_sync/mutex.c.obj
                0x20000124                mutex_try_enter
 .time_critical.mutex_enter_block_until
                0x20000170       0x78 CMakeFiles/thermometer.dir/home/pi/pico/pico-sdk/src/common/pico_sync/mutex.c.obj
                0x20000170                mutex_enter_block_until
 .time_critical.mutex_enter_timeout_ms
                0x200001e8       0x40 CMakeFiles/thermometer.dir/home/pi/pico/pico-sdk/src/common/pico_sync/mutex.c.obj
                0x200001e8                mutex_enter_timeout_ms
 .time_critical.mutex_exit
                0x20000228       0x4c CMakeFiles/thermometer.dir/home/pi/pico/pico-sdk/src/common/pico_sync/mutex.c.obj
                0x20000228                mutex_exit
 *(.text*)
 .text          0x20000274        0x4 /usr/lib/gcc/arm-none-eabi/7.3.1/thumb/v6-m/libgcc.a(_dvmd_tls.o)
                0x20000274                __aeabi_ldiv0
                0x20000274                __aeabi_idiv0
 .text.__stub   0x20000278       0x40 linker stubs
                0x200002b8                . = ALIGN (0x4)
 *(.rodata*)
                0x200002b8                . = ALIGN (0x4)
 *(.data*)
 .data.striped_spin_lock_num
                0x200002b8        0x1 CMakeFiles/thermometer.dir/home/pi/pico/pico-sdk/src/rp2_common/hardware_sync/sync.c.obj
 *fill*         0x200002b9        0x3 
 .data          0x200002bc       0x48 CMakeFiles/thermometer.dir/home/pi/pico/pico-sdk/src/rp2_common/hardware_irq/irq_handler_chain.S.obj
                0x200002bc                irq_handler_chain_slots
                0x200002ec                irq_handler_chain_first_slot
                0x200002f6                irq_handler_chain_remove_tail
 *fill*         0x20000304        0xc 
 .data.aeabi_bits_funcs
                0x20000310       0x10 CMakeFiles/thermometer.dir/home/pi/pico/pico-sdk/src/rp2_common/pico_bit_ops/bit_ops_aeabi.S.obj
                0x20000310                aeabi_bits_funcs
                0x20000320                aeabi_bits_funcs_end
 .data.aeabi_mem_funcs
                0x20000320       0x10 CMakeFiles/thermometer.dir/home/pi/pico/pico-sdk/src/rp2_common/pico_mem_ops/mem_ops_aeabi.S.obj
                0x20000320                aeabi_mem_funcs
                0x20000330                aeabi_mem_funcs_end
 .data.stdio_usb
                0x20000330       0x14 CMakeFiles/thermometer.dir/home/pi/pico/pico-sdk/src/rp2_common/pico_stdio_usb/stdio_usb.c.obj
                0x20000330                stdio_usb
 .data.ep_dir_string
                0x20000344        0x8 CMakeFiles/thermometer.dir/home/pi/pico/pico-sdk/lib/tinyusb/src/portable/raspberrypi/rp2040/rp2040_usb.c.obj
                0x20000344                ep_dir_string
 .data._usbd_qdef
                0x2000034c       0x20 CMakeFiles/thermometer.dir/home/pi/pico/pico-sdk/lib/tinyusb/src/device/usbd.c.obj
                0x2000034c                _usbd_qdef
 *fill*         0x2000036c        0x4 
 .data          0x20000370      0x430 /usr/lib/gcc/arm-none-eabi/7.3.1/../../../arm-none-eabi/lib/thumb/v6-m/libg.a(lib_a-impure.o)
                0x20000370                _impure_ptr
 .data          0x200007a0      0x410 /usr/lib/gcc/arm-none-eabi/7.3.1/../../../arm-none-eabi/lib/thumb/v6-m/libg.a(lib_a-mallocr.o)
                0x200007a0                __malloc_sbrk_base
                0x200007a4                __malloc_trim_threshold
                0x200007a8                __malloc_av_
                0x20000bb0                . = ALIGN (0x4)
 *(.after_data.*)
                0x20000bb0                . = ALIGN (0x4)
                0x20000bb0                PROVIDE (__mutex_array_start = .)
 *(SORT_BY_NAME(.mutex_array.*))
 *(.mutex_array)
 .mutex_array   0x20000bb0        0x8 CMakeFiles/thermometer.dir/home/pi/pico/pico-sdk/src/rp2_common/pico_stdio/stdio.c.obj
                0x20000bb8                PROVIDE (__mutex_array_end = .)
                0x20000bb8                . = ALIGN (0x4)
                0x20000bb8                PROVIDE (__preinit_array_start = .)
 *(SORT_BY_NAME(.preinit_array.*))
 .preinit_array.00001
                0x20000bb8        0x4 CMakeFiles/thermometer.dir/home/pi/pico/pico-sdk/src/rp2_common/pico_mem_ops/mem_ops_aeabi.S.obj
 .preinit_array.00010
                0x20000bbc        0x4 CMakeFiles/thermometer.dir/home/pi/pico/pico-sdk/src/rp2_common/pico_bit_ops/bit_ops_aeabi.S.obj
 .preinit_array.00020
                0x20000bc0        0x4 CMakeFiles/thermometer.dir/home/pi/pico/pico-sdk/src/rp2_common/pico_double/double_aeabi.S.obj
 .preinit_array.00020
                0x20000bc4        0x4 CMakeFiles/thermometer.dir/home/pi/pico/pico-sdk/src/rp2_common/pico_float/float_aeabi.S.obj
 *(.preinit_array)
                0x20000bc8                PROVIDE (__preinit_array_end = .)
                0x20000bc8                . = ALIGN (0x4)
                0x20000bc8                PROVIDE (__init_array_start = .)
 *(SORT_BY_NAME(.init_array.*))
 *(.init_array)
 .init_array    0x20000bc8        0x4 /usr/lib/gcc/arm-none-eabi/7.3.1/thumb/v6-m/crtbegin.o
                0x20000bcc                PROVIDE (__init_array_end = .)
                0x20000bcc                . = ALIGN (0x4)
                0x20000bcc                PROVIDE (__fini_array_start = .)
 *(SORT_BY_NAME(.fini_array.*))
 *(.fini_array)
                0x20000bcc                PROVIDE (__fini_array_end = .)
 *(.jcr)
                0x20000bcc                . = ALIGN (0x4)
                0x20000bcc                __data_end__ = .

.tm_clone_table
                0x20000bcc        0x0 load address 0x10009c00
 .tm_clone_table
                0x20000bcc        0x0 /usr/lib/gcc/arm-none-eabi/7.3.1/thumb/v6-m/crtbegin.o
 .tm_clone_table
                0x20000bcc        0x0 /usr/lib/gcc/arm-none-eabi/7.3.1/thumb/v6-m/crtend.o

.igot.plt       0x20000bcc        0x0 load address 0x10009c00
 .igot.plt      0x20000bcc        0x0 /usr/lib/gcc/arm-none-eabi/7.3.1/thumb/v6-m/crtbegin.o

.uninitialized_data
                0x20000bcc        0x0 load address 0x10009c00
                0x20000bcc                . = ALIGN (0x4)
 *(.uninitialized_data*)

.scratch_x      0x20040000        0x0 load address 0x10009c00
                0x20040000                __scratch_x_start__ = .
 *(.scratch_x.*)
                0x20040000                . = ALIGN (0x4)
                0x20040000                __scratch_x_end__ = .
                0x10009c00                __scratch_x_source__ = LOADADDR (.scratch_x)

.scratch_y      0x20041000        0x0 load address 0x10009c00
                0x20041000                __scratch_y_start__ = .
 *(.scratch_y.*)
                0x20041000                . = ALIGN (0x4)
                0x20041000                __scratch_y_end__ = .
                0x10009c00                __scratch_y_source__ = LOADADDR (.scratch_y)

.bss            0x20000bd0      0xdb8
                0x20000bd0                . = ALIGN (0x4)
                0x20000bd0                __bss_start__ = .
 *(SORT_BY_ALIGNMENT(SORT_BY_NAME(.bss*)))
 .bss.last_avail_time.6938
                0x20000bd0        0x8 CMakeFiles/thermometer.dir/home/pi/pico/pico-sdk/src/rp2_common/pico_stdio_usb/stdio_usb.c.obj
 .bss           0x20000bd8       0x1c /usr/lib/gcc/arm-none-eabi/7.3.1/thumb/v6-m/crtbegin.o
 .bss           0x20000bf4       0x34 /usr/lib/gcc/arm-none-eabi/7.3.1/../../../arm-none-eabi/lib/thumb/v6-m/libg.a(lib_a-mallocr.o)
                0x20000bf4                __malloc_top_pad
                0x20000bf8                __malloc_current_mallinfo
                0x20000c20                __malloc_max_sbrked_mem
                0x20000c24                __malloc_max_total_mem
 .bss._app_driver
                0x20000c28        0x4 CMakeFiles/thermometer.dir/home/pi/pico/pico-sdk/lib/tinyusb/src/device/usbd.c.obj
 .bss._cdcd_itf
                0x20000c2c      0x2d0 CMakeFiles/thermometer.dir/home/pi/pico/pico-sdk/lib/tinyusb/src/class/cdc/cdc_device.c.obj
 .bss._ctrl_xfer
                0x20000efc       0x14 CMakeFiles/thermometer.dir/home/pi/pico/pico-sdk/lib/tinyusb/src/device/usbd_control.c.obj
 .bss._ubsd_mutexdef
                0x20000f10        0x8 CMakeFiles/thermometer.dir/home/pi/pico/pico-sdk/lib/tinyusb/src/device/usbd.c.obj
 .bss._usbd_ctrl_buf
                0x20000f18       0x40 CMakeFiles/thermometer.dir/home/pi/pico/pico-sdk/lib/tinyusb/src/device/usbd_control.c.obj
 .bss._usbd_dev
                0x20000f58       0x37 CMakeFiles/thermometer.dir/home/pi/pico/pico-sdk/lib/tinyusb/src/device/usbd.c.obj
 *fill*         0x20000f8f        0x1 
 .bss._usbd_mutex
                0x20000f90        0x4 CMakeFiles/thermometer.dir/home/pi/pico/pico-sdk/lib/tinyusb/src/device/usbd.c.obj
 .bss._usbd_q   0x20000f94        0x4 CMakeFiles/thermometer.dir/home/pi/pico/pico-sdk/lib/tinyusb/src/device/usbd.c.obj
 .bss.alarm_callbacks
                0x20000f98       0x10 CMakeFiles/thermometer.dir/home/pi/pico/pico-sdk/src/rp2_common/hardware_timer/timer.c.obj
 .bss.claimed   0x20000fa8        0x4 CMakeFiles/thermometer.dir/home/pi/pico/pico-sdk/src/rp2_common/hardware_sync/sync.c.obj
 .bss.configured_freq
                0x20000fac       0x28 CMakeFiles/thermometer.dir/home/pi/pico/pico-sdk/src/rp2_common/hardware_clocks/clocks.c.obj
 .bss.default_alarm_pool
                0x20000fd4        0x4 CMakeFiles/thermometer.dir/home/pi/pico/pico-sdk/src/common/pico_time/time.c.obj
 .bss.desc_str.6821
                0x20000fd8       0x28 CMakeFiles/thermometer.dir/home/pi/pico/pico-sdk/src/rp2_common/pico_stdio_usb/stdio_usb_descriptors.c.obj
 .bss.drivers   0x20001000        0x4 CMakeFiles/thermometer.dir/home/pi/pico/pico-sdk/src/rp2_common/pico_stdio/stdio.c.obj
 .bss.filter    0x20001004        0x4 CMakeFiles/thermometer.dir/home/pi/pico/pico-sdk/src/rp2_common/pico_stdio/stdio.c.obj
 .bss.heap_end.5703
                0x20001008        0x4 CMakeFiles/thermometer.dir/home/pi/pico/pico-sdk/src/rp2_common/pico_runtime/runtime.c.obj
 .bss.hw_endpoints
                0x2000100c      0x680 CMakeFiles/thermometer.dir/home/pi/pico/pico-sdk/lib/tinyusb/src/portable/raspberrypi/rp2040/dcd_rp2040.c.obj
 .bss.next_buffer_ptr
                0x2000168c        0x4 CMakeFiles/thermometer.dir/home/pi/pico/pico-sdk/lib/tinyusb/src/portable/raspberrypi/rp2040/dcd_rp2040.c.obj
 .bss.pools     0x20001690       0x10 CMakeFiles/thermometer.dir/home/pi/pico/pico-sdk/src/common/pico_time/time.c.obj
 .bss.stdio_usb_mutex
                0x200016a0        0x8 CMakeFiles/thermometer.dir/home/pi/pico/pico-sdk/src/rp2_common/pico_stdio_usb/stdio_usb.c.obj
 .bss.target_hi
                0x200016a8       0x10 CMakeFiles/thermometer.dir/home/pi/pico/pico-sdk/src/rp2_common/hardware_timer/timer.c.obj
 .bss._app_driver_count
                0x200016b8        0x1 CMakeFiles/thermometer.dir/home/pi/pico/pico-sdk/lib/tinyusb/src/device/usbd.c.obj
 .bss._initialized
                0x200016b9        0x1 CMakeFiles/thermometer.dir/home/pi/pico/pico-sdk/lib/tinyusb/src/tusb.c.obj
 .bss.assigned_address
                0x200016ba        0x1 CMakeFiles/thermometer.dir/home/pi/pico/pico-sdk/lib/tinyusb/src/portable/raspberrypi/rp2040/dcd_rp2040.c.obj
 .bss.claimed   0x200016bb        0x1 CMakeFiles/thermometer.dir/home/pi/pico/pico-sdk/src/rp2_common/hardware_timer/timer.c.obj
 .bss.irq_hander_chain_free_slot_head
                0x200016bc        0x1 CMakeFiles/thermometer.dir/home/pi/pico/pico-sdk/src/rp2_common/hardware_irq/irq.c.obj
 .bss.timer_callbacks_pending
                0x200016bd        0x1 CMakeFiles/thermometer.dir/home/pi/pico/pico-sdk/src/rp2_common/hardware_timer/timer.c.obj
 *(COMMON)
 *fill*         0x200016be        0x2 
 COMMON         0x200016c0      0x100 CMakeFiles/thermometer.dir/home/pi/pico/pico-sdk/src/rp2_common/pico_double/double_init_rom.c.obj
                0x200016c0                sd_table
 COMMON         0x200017c0      0x104 CMakeFiles/thermometer.dir/home/pi/pico/pico-sdk/src/rp2_common/pico_float/float_init_rom.c.obj
                0x200017c0                sf_table
                0x200018c0                sf_clz_func
 COMMON         0x200018c4       0xc0 CMakeFiles/thermometer.dir/home/pi/pico/pico-sdk/lib/tinyusb/src/device/usbd.c.obj
                0x200018c4                _usbd_qdef_buf
 COMMON         0x20001984        0x4 /usr/lib/gcc/arm-none-eabi/7.3.1/../../../arm-none-eabi/lib/thumb/v6-m/libg.a(lib_a-reent.o)
                0x20001984                errno
                0x20001988                . = ALIGN (0x4)
                0x20001988                __bss_end__ = .

.heap           0x20001988      0x800
                0x20001988                __end__ = .
                0x20001988                end = __end__
 *(.heap*)
 .heap          0x20001988      0x800 CMakeFiles/thermometer.dir/home/pi/pico/pico-sdk/src/rp2_common/pico_standard_link/crt0.S.obj
                0x20002188                __HeapLimit = .
